Component: ARM Compiler 5.06 update 7 (build 960) Tool: armlink [4d3601]

==============================================================================

Section Cross References

    changing_a_constant.o(i.dac_write) refers to stm32f7xx_hal_gpio.o(i.HAL_GPIO_WritePin) for HAL_GPIO_WritePin
    changing_a_constant.o(i.dac_write) refers to stm32f7xx_hal_spi.o(i.HAL_SPI_Transmit_IT) for HAL_SPI_Transmit_IT
    changing_a_constant.o(i.dac_write) refers to stm32f7xx_hal.o(i.HAL_Delay) for HAL_Delay
    changing_a_constant.o(i.dac_write) refers to main.o(.data) for index_1
    changing_a_constant.o(i.dac_write) refers to changing_a_constant.o(.data) for .data
    changing_a_constant.o(i.dac_write) refers to main.o(.bss) for voa_1310
    changing_a_constant.o(i.dac_write) refers to spi.o(.bss) for hspi4
    selecting_an_optical_key.o(i.channel_1) refers to stm32f7xx_hal_gpio.o(i.HAL_GPIO_WritePin) for HAL_GPIO_WritePin
    selecting_an_optical_key.o(i.channel_2) refers to stm32f7xx_hal_gpio.o(i.HAL_GPIO_WritePin) for HAL_GPIO_WritePin
    selecting_an_optical_key.o(i.channel_3) refers to stm32f7xx_hal_gpio.o(i.HAL_GPIO_WritePin) for HAL_GPIO_WritePin
    selecting_an_optical_key.o(i.channel_4) refers to stm32f7xx_hal_gpio.o(i.HAL_GPIO_WritePin) for HAL_GPIO_WritePin
    gain_pga.o(i.PGA112) refers to stm32f7xx_hal_gpio.o(i.HAL_GPIO_WritePin) for HAL_GPIO_WritePin
    gain_pga.o(i.PGA112) refers to stm32f7xx_hal_spi.o(i.HAL_SPI_Transmit_IT) for HAL_SPI_Transmit_IT
    gain_pga.o(i.PGA112) refers to stm32f7xx_hal.o(i.HAL_Delay) for HAL_Delay
    gain_pga.o(i.PGA112) refers to main.o(.data) for value_pga_112
    gain_pga.o(i.PGA112) refers to spi.o(.bss) for hspi1
    gain_pga.o(i.gain_1) refers to stm32f7xx_hal_gpio.o(i.HAL_GPIO_WritePin) for HAL_GPIO_WritePin
    gain_pga.o(i.gain_1) refers to read_dbm.o(.data) for gain
    gain_pga.o(i.gain_2) refers to stm32f7xx_hal_gpio.o(i.HAL_GPIO_WritePin) for HAL_GPIO_WritePin
    gain_pga.o(i.gain_2) refers to read_dbm.o(.data) for gain
    gain_pga.o(i.gain_3) refers to stm32f7xx_hal_gpio.o(i.HAL_GPIO_WritePin) for HAL_GPIO_WritePin
    gain_pga.o(i.gain_3) refers to read_dbm.o(.data) for gain
    gain_pga.o(i.gain_4) refers to stm32f7xx_hal_gpio.o(i.HAL_GPIO_WritePin) for HAL_GPIO_WritePin
    gain_pga.o(i.gain_4) refers to read_dbm.o(.data) for gain
    gain_pga.o(i.gain_5) refers to stm32f7xx_hal_gpio.o(i.HAL_GPIO_WritePin) for HAL_GPIO_WritePin
    gain_pga.o(i.gain_5) refers to read_dbm.o(.data) for gain
    getcoefficient.o(i.Cu) refers to getcoefficient.o(.data) for .data
    getcoefficient.o(i.getCoefficientChannelIn) refers to f2d.o(.text) for __aeabi_f2d
    getcoefficient.o(i.getCoefficientChannelIn) refers to dadd.o(.text) for __aeabi_dadd
    getcoefficient.o(i.getCoefficientChannelIn) refers to d2f.o(.text) for __aeabi_d2f
    getcoefficient.o(i.getCoefficientChannelIn) refers to read_dbm.o(.data) for gain
    getcoefficient.o(i.getCoefficientChannelIn) refers to main.o(.bss) for Coeff_1310
    getcoefficient.o(i.getCoefficientChannelOut) refers to f2d.o(.text) for __aeabi_f2d
    getcoefficient.o(i.getCoefficientChannelOut) refers to dadd.o(.text) for __aeabi_dsub
    getcoefficient.o(i.getCoefficientChannelOut) refers to d2f.o(.text) for __aeabi_d2f
    getcoefficient.o(i.getCoefficientChannelOut) refers to read_dbm.o(.data) for gain
    getcoefficient.o(i.getCoefficientChannelOut) refers to main.o(.bss) for Coeff_1310
    getcoefficient.o(i.getCoefficientR) refers to getcoefficient.o(i.Cu) for Cu
    getcoefficient.o(i.getCoefficientR) refers to f2d.o(.text) for __aeabi_f2d
    getcoefficient.o(i.getCoefficientR) refers to main.o(.bss) for Coeff_REZ
    read_dbm.o(i.read_dBm) refers to adc_value.o(i.adc_read) for adc_read
    read_dbm.o(i.read_dBm) refers to dfltui.o(.text) for __aeabi_ui2d
    read_dbm.o(i.read_dBm) refers to dmul.o(.text) for __aeabi_dmul
    read_dbm.o(i.read_dBm) refers to ddiv.o(.text) for __aeabi_ddiv
    read_dbm.o(i.read_dBm) refers to dfixi.o(.text) for __aeabi_d2iz
    read_dbm.o(i.read_dBm) refers to gain_pga.o(i.gain_2) for gain_2
    read_dbm.o(i.read_dBm) refers to stm32f7xx_hal.o(i.HAL_Delay) for HAL_Delay
    read_dbm.o(i.read_dBm) refers to gain_pga.o(i.gain_3) for gain_3
    read_dbm.o(i.read_dBm) refers to gain_pga.o(i.gain_4) for gain_4
    read_dbm.o(i.read_dBm) refers to gain_pga.o(i.PGA112) for PGA112
    read_dbm.o(i.read_dBm) refers to gain_pga.o(i.gain_1) for gain_1
    read_dbm.o(i.read_dBm) refers to f2d.o(.text) for __aeabi_f2d
    read_dbm.o(i.read_dBm) refers to getcoefficient.o(i.getCoefficientChannelIn) for getCoefficientChannelIn
    read_dbm.o(i.read_dBm) refers to getcoefficient.o(i.getCoefficientLenght) for getCoefficientLenght
    read_dbm.o(i.read_dBm) refers to getcoefficient.o(i.getCoefficientR) for getCoefficientR
    read_dbm.o(i.read_dBm) refers to getcoefficient.o(i.getCoefficientPGA) for getCoefficientPGA
    read_dbm.o(i.read_dBm) refers to log10.o(i.__hardfp_log10) for __hardfp_log10
[...]
    UART5_IRQHandler                         0x080001fb   Thumb Code     0  startup_stm32f746xx.o(.text)
    UART7_IRQHandler                         0x080001fb   Thumb Code     0  startup_stm32f746xx.o(.text)
    UART8_IRQHandler                         0x080001fb   Thumb Code     0  startup_stm32f746xx.o(.text)
    USART1_IRQHandler                        0x080001fb   Thumb Code     0  startup_stm32f746xx.o(.text)
    USART3_IRQHandler                        0x080001fb   Thumb Code     0  startup_stm32f746xx.o(.text)
    USART6_IRQHandler                        0x080001fb   Thumb Code     0  startup_stm32f746xx.o(.text)
    WWDG_IRQHandler                          0x080001fb   Thumb Code     0  startup_stm32f746xx.o(.text)
    strncpy                                  0x08000205   Thumb Code    24  strncpy.o(.text)
    strncmp                                  0x0800021d   Thumb Code    30  strncmp.o(.text)
    __0sscanf                                0x0800023d   Thumb Code    48  __0sscanf.o(.text)
    _scanf_real                              0x0800039d   Thumb Code     0  scanf_fp.o(.text)
    _scanf_really_real                       0x0800039d   Thumb Code   556  scanf_fp.o(.text)
    __aeabi_dadd                             0x080005d5   Thumb Code   322  dadd.o(.text)
    __aeabi_dsub                             0x08000717   Thumb Code     6  dadd.o(.text)
    __aeabi_drsub                            0x0800071d   Thumb Code     6  dadd.o(.text)
    __aeabi_dmul                             0x08000723   Thumb Code   228  dmul.o(.text)
    __aeabi_ddiv                             0x08000807   Thumb Code   222  ddiv.o(.text)
    __aeabi_ui2d                             0x080008e5   Thumb Code    26  dfltui.o(.text)
    __aeabi_d2iz                             0x080008ff   Thumb Code    62  dfixi.o(.text)
    __aeabi_f2d                              0x0800093d   Thumb Code    38  f2d.o(.text)
    __aeabi_cdcmpeq                          0x08000965   Thumb Code     0  cdcmple.o(.text)
    __aeabi_cdcmple                          0x08000965   Thumb Code    48  cdcmple.o(.text)
    __aeabi_cdrcmple                         0x08000995   Thumb Code    48  cdrcmple.o(.text)
    __aeabi_d2f                              0x080009c5   Thumb Code    56  d2f.o(.text)
    __aeabi_uidiv                            0x080009fd   Thumb Code     0  uidiv.o(.text)
    __aeabi_uidivmod                         0x080009fd   Thumb Code    44  uidiv.o(.text)
    __aeabi_uldivmod                         0x08000a29   Thumb Code    98  uldiv.o(.text)
    __aeabi_llsl                             0x08000a8b   Thumb Code    30  llshl.o(.text)
    _ll_shift_l                              0x08000a8b   Thumb Code     0  llshl.o(.text)
    __aeabi_llsr                             0x08000aa9   Thumb Code    32  llushr.o(.text)
    _ll_ushift_r                             0x08000aa9   Thumb Code     0  llushr.o(.text)
    __aeabi_lasr                             0x08000ac9   Thumb Code    36  llsshr.o(.text)
    _ll_sshift_r                             0x08000ac9   Thumb Code     0  llsshr.o(.text)
    __vfscanf_char                           0x08000af9   Thumb Code    20  scanf_char.o(.text)
    _sgetc                                   0x08000b15   Thumb Code    30  _sgetc.o(.text)
    _sbackspace                              0x08000b33   Thumb Code    34  _sgetc.o(.text)
    __I$use$fp                               0x08000b55   Thumb Code     0  iusefp.o(.text)
    _float_round                             0x08000b55   Thumb Code    18  fepilogue.o(.text)
    _float_epilogue                          0x08000b67   Thumb Code    92  fepilogue.o(.text)
    _double_round                            0x08000bc3   Thumb Code    30  depilogue.o(.text)
    _double_epilogue                         0x08000be1   Thumb Code   156  depilogue.o(.text)
    __aeabi_i2d                              0x08000c7d   Thumb Code    34  dflti.o(.text)
    __aeabi_ul2d                             0x08000c9f   Thumb Code    24  dfltul.o(.text)
    __aeabi_d2ulz                            0x08000cb7   Thumb Code    48  dfixul.o(.text)
    __scatterload                            0x08000ce9   Thumb Code    28  init.o(.text)
    __scatterload_rt2                        0x08000ce9   Thumb Code     0  init.o(.text)
    isspace                                  0x08000d0d   Thumb Code    10  isspace_c.o(.text)
    __vfscanf                                0x08000d19   Thumb Code   810  _scanf.o(.text)
    __ctype_lookup                           0x08001049   Thumb Code    34  ctype_c.o(.text)
    __decompress                             0x08001071   Thumb Code     0  __dczerorl2.o(.text)
    __decompress1                            0x08001071   Thumb Code    86  __dczerorl2.o(.text)
    BusFault_Handler                         0x080010c7   Thumb Code     2  stm32f7xx_it.o(i.BusFault_Handler)
    CDC_Transmit_FS                          0x08001129   Thumb Code    38  usbd_cdc_if.o(i.CDC_Transmit_FS)
    DMA1_Stream3_IRQHandler                  0x08001191   Thumb Code     6  stm32f7xx_it.o(i.DMA1_Stream3_IRQHandler)
    DMA2_Stream1_IRQHandler                  0x0800119d   Thumb Code     6  stm32f7xx_it.o(i.DMA2_Stream1_IRQHandler)
    DMA2_Stream3_IRQHandler                  0x080011a9   Thumb Code     6  stm32f7xx_it.o(i.DMA2_Stream3_IRQHandler)
    DebugMon_Handler                         0x08001267   Thumb Code     2  stm32f7xx_it.o(i.DebugMon_Handler)
    FLASH_Erase_Sector                       0x08001269   Thumb Code    80  stm32f7xx_hal_flash_ex.o(i.FLASH_Erase_Sector)
    FLASH_WaitForLastOperation               0x080013f5   Thumb Code    88  stm32f7xx_hal_flash.o(i.FLASH_WaitForLastOperation)
    HAL_DMA_Abort_IT                         0x08001455   Thumb Code    36  stm32f7xx_hal_dma.o(i.HAL_DMA_Abort_IT)
    HAL_DMA_IRQHandler                       0x08001479   Thumb Code   488  stm32f7xx_hal_dma.o(i.HAL_DMA_IRQHandler)
    HAL_DMA_Init                             0x0800166d   Thumb Code   230  stm32f7xx_hal_dma.o(i.HAL_DMA_Init)
    HAL_Delay                                0x08001759   Thumb Code    22  stm32f7xx_hal.o(i.HAL_Delay)
    HAL_FLASHEx_Erase                        0x08001771   Thumb Code   144  stm32f7xx_hal_flash_ex.o(i.HAL_FLASHEx_Erase)
    HAL_FLASH_Lock                           0x08001809   Thumb Code    14  stm32f7xx_hal_flash.o(i.HAL_FLASH_Lock)
    HAL_FLASH_Program                        0x0800181d   Thumb Code   124  stm32f7xx_hal_flash.o(i.HAL_FLASH_Program)
    HAL_FLASH_Unlock                         0x080018a1   Thumb Code    28  stm32f7xx_hal_flash.o(i.HAL_FLASH_Unlock)
    HAL_GPIO_DeInit                          0x080018cd   Thumb Code   382  stm32f7xx_hal_gpio.o(i.HAL_GPIO_DeInit)
    HAL_GPIO_Init                            0x08001a55   Thumb Code   558  stm32f7xx_hal_gpio.o(i.HAL_GPIO_Init)
    HAL_GPIO_WritePin                        0x08001c95   Thumb Code    14  stm32f7xx_hal_gpio.o(i.HAL_GPIO_WritePin)
    HAL_GetTick                              0x08001ca5   Thumb Code     6  stm32f7xx_hal.o(i.HAL_GetTick)
    HAL_IncTick                              0x08001cb1   Thumb Code    10  stm32f7xx_hal.o(i.HAL_IncTick)
    HAL_Init                                 0x08001cc1   Thumb Code    22  stm32f7xx_hal.o(i.HAL_Init)
    HAL_InitTick                             0x08001cd9   Thumb Code    34  stm32f7xx_hal.o(i.HAL_InitTick)
    HAL_MspInit                              0x08001d01   Thumb Code    88  stm32f7xx_hal_msp.o(i.HAL_MspInit)
    HAL_NVIC_DisableIRQ                      0x08001d59   Thumb Code    24  stm32f7xx_hal_cortex.o(i.HAL_NVIC_DisableIRQ)
    HAL_NVIC_EnableIRQ                       0x08001d71   Thumb Code    24  stm32f7xx_hal_cortex.o(i.HAL_NVIC_EnableIRQ)
    HAL_NVIC_SetPriority                     0x08001d89   Thumb Code   104  stm32f7xx_hal_cortex.o(i.HAL_NVIC_SetPriority)
    HAL_NVIC_SetPriorityGrouping             0x08001df5   Thumb Code    30  stm32f7xx_hal_cortex.o(i.HAL_NVIC_SetPriorityGrouping)
    HAL_PCDEx_ActivateLPM                    0x08001e19   Thumb Code    38  stm32f7xx_hal_pcd_ex.o(i.HAL_PCDEx_ActivateLPM)
    HAL_PCDEx_LPM_Callback                   0x08001e41   Thumb Code    92  usbd_conf.o(i.HAL_PCDEx_LPM_Callback)
    HAL_PCDEx_SetRxFiFo                      0x08001ea1   Thumb Code     8  stm32f7xx_hal_pcd_ex.o(i.HAL_PCDEx_SetRxFiFo)
    HAL_PCDEx_SetTxFiFo                      0x08001ea9   Thumb Code    72  stm32f7xx_hal_pcd_ex.o(i.HAL_PCDEx_SetTxFiFo)
    HAL_PCD_ConnectCallback                  0x08001ef1   Thumb Code     8  usbd_conf.o(i.HAL_PCD_ConnectCallback)
    HAL_PCD_DataInStageCallback              0x08001ef9   Thumb Code    18  usbd_conf.o(i.HAL_PCD_DataInStageCallback)
    HAL_PCD_DataOutStageCallback             0x08001f0b   Thumb Code    20  usbd_conf.o(i.HAL_PCD_DataOutStageCallback)
    HAL_PCD_DisconnectCallback               0x08001f1f   Thumb Code     8  usbd_conf.o(i.HAL_PCD_DisconnectCallback)
    HAL_PCD_EP_Close                         0x08001f27   Thumb Code    72  stm32f7xx_hal_pcd.o(i.HAL_PCD_EP_Close)
    HAL_PCD_EP_ClrStall                      0x08001f6f   Thumb Code    84  stm32f7xx_hal_pcd.o(i.HAL_PCD_EP_ClrStall)
    HAL_PCD_EP_GetRxCount                    0x08001fc3   Thumb Code    20  stm32f7xx_hal_pcd.o(i.HAL_PCD_EP_GetRxCount)
    HAL_PCD_EP_Open                          0x08001fd7   Thumb Code    94  stm32f7xx_hal_pcd.o(i.HAL_PCD_EP_Open)
    HAL_PCD_EP_Receive                       0x08002035   Thumb Code    70  stm32f7xx_hal_pcd.o(i.HAL_PCD_EP_Receive)
    HAL_PCD_EP_SetStall                      0x0800207b   Thumb Code   102  stm32f7xx_hal_pcd.o(i.HAL_PCD_EP_SetStall)
    HAL_PCD_EP_Transmit                      0x080020e1   Thumb Code    70  stm32f7xx_hal_pcd.o(i.HAL_PCD_EP_Transmit)
    HAL_PCD_IRQHandler                       0x08002129   Thumb Code  1422  stm32f7xx_hal_pcd.o(i.HAL_PCD_IRQHandler)
    HAL_PCD_ISOINIncompleteCallback          0x080026f5   Thumb Code     8  usbd_conf.o(i.HAL_PCD_ISOINIncompleteCallback)
    HAL_PCD_ISOOUTIncompleteCallback         0x080026fd   Thumb Code     8  usbd_conf.o(i.HAL_PCD_ISOOUTIncompleteCallback)
    HAL_PCD_Init                             0x08002705   Thumb Code   262  stm32f7xx_hal_pcd.o(i.HAL_PCD_Init)
    HAL_PCD_MspInit                          0x0800280d   Thumb Code   120  usbd_conf.o(i.HAL_PCD_MspInit)
    HAL_PCD_ResetCallback                    0x0800288d   Thumb Code    32  usbd_conf.o(i.HAL_PCD_ResetCallback)
    HAL_PCD_ResumeCallback                   0x080028ad   Thumb Code     8  usbd_conf.o(i.HAL_PCD_ResumeCallback)
    HAL_PCD_SOFCallback                      0x080028b5   Thumb Code     8  usbd_conf.o(i.HAL_PCD_SOFCallback)
    HAL_PCD_SetAddress                       0x080028bd   Thumb Code    36  stm32f7xx_hal_pcd.o(i.HAL_PCD_SetAddress)
    HAL_PCD_SetupStageCallback               0x080028e1   Thumb Code    14  usbd_conf.o(i.HAL_PCD_SetupStageCallback)
    HAL_PCD_Start                            0x080028ef   Thumb Code    42  stm32f7xx_hal_pcd.o(i.HAL_PCD_Start)
    HAL_PCD_SuspendCallback                  0x08002919   Thumb Code    44  usbd_conf.o(i.HAL_PCD_SuspendCallback)
    HAL_RCCEx_PeriphCLKConfig                0x08002949   Thumb Code  1410  stm32f7xx_hal_rcc_ex.o(i.HAL_RCCEx_PeriphCLKConfig)
    HAL_RCC_ClockConfig                      0x08002ecd   Thumb Code   334  stm32f7xx_hal_rcc.o(i.HAL_RCC_ClockConfig)
    HAL_RCC_GetHCLKFreq                      0x08003031   Thumb Code     6  stm32f7xx_hal_rcc.o(i.HAL_RCC_GetHCLKFreq)
    HAL_RCC_GetPCLK1Freq                     0x0800303d   Thumb Code    26  stm32f7xx_hal_rcc.o(i.HAL_RCC_GetPCLK1Freq)
    HAL_RCC_GetPCLK2Freq                     0x08003061   Thumb Code    26  stm32f7xx_hal_rcc.o(i.HAL_RCC_GetPCLK2Freq)
    HAL_RCC_GetSysClockFreq                  0x08003085   Thumb Code    90  stm32f7xx_hal_rcc.o(i.HAL_RCC_GetSysClockFreq)
    HAL_RCC_OscConfig                        0x080030f1   Thumb Code  1144  stm32f7xx_hal_rcc.o(i.HAL_RCC_OscConfig)
    HAL_SPI_ErrorCallback                    0x0800357d   Thumb Code     2  stm32f7xx_hal_spi.o(i.HAL_SPI_ErrorCallback)
    HAL_SPI_IRQHandler                       0x08003581   Thumb Code   242  stm32f7xx_hal_spi.o(i.HAL_SPI_IRQHandler)
    HAL_SPI_Init                             0x08003679   Thumb Code   196  stm32f7xx_hal_spi.o(i.HAL_SPI_Init)
    HAL_SPI_MspInit                          0x0800373d   Thumb Code   486  spi.o(i.HAL_SPI_MspInit)
    HAL_SPI_Receive_IT                       0x0800396d   Thumb Code   216  stm32f7xx_hal_spi.o(i.HAL_SPI_Receive_IT)
    HAL_SPI_RxCpltCallback                   0x08003a4d   Thumb Code     2  stm32f7xx_hal_spi.o(i.HAL_SPI_RxCpltCallback)
    HAL_SPI_TransmitReceive_IT               0x08003a51   Thumb Code   200  stm32f7xx_hal_spi.o(i.HAL_SPI_TransmitReceive_IT)
    HAL_SPI_Transmit_IT                      0x08003b29   Thumb Code   162  stm32f7xx_hal_spi.o(i.HAL_SPI_Transmit_IT)
    HAL_SPI_TxCpltCallback                   0x08003bd5   Thumb Code     2  stm32f7xx_hal_spi.o(i.HAL_SPI_TxCpltCallback)
    HAL_SPI_TxRxCpltCallback                 0x08003bd7   Thumb Code     2  stm32f7xx_hal_spi.o(i.HAL_SPI_TxRxCpltCallback)
    HAL_SYSTICK_CLKSourceConfig              0x08003bd9   Thumb Code    28  stm32f7xx_hal_cortex.o(i.HAL_SYSTICK_CLKSourceConfig)
    HAL_SYSTICK_Callback                     0x08003bf5   Thumb Code     2  stm32f7xx_hal_cortex.o(i.HAL_SYSTICK_Callback)
    HAL_SYSTICK_Config                       0x08003bf9   Thumb Code    36  stm32f7xx_hal_cortex.o(i.HAL_SYSTICK_Config)
    HAL_SYSTICK_IRQHandler                   0x08003c21   Thumb Code     8  stm32f7xx_hal_cortex.o(i.HAL_SYSTICK_IRQHandler)
    HAL_UART_DeInit                          0x08003c29   Thumb Code    66  stm32f7xx_hal_uart.o(i.HAL_UART_DeInit)
    HAL_UART_ErrorCallback                   0x08003c6b   Thumb Code     2  stm32f7xx_hal_uart.o(i.HAL_UART_ErrorCallback)
    HAL_UART_IRQHandler                      0x08003c6d   Thumb Code   338  stm32f7xx_hal_uart.o(i.HAL_UART_IRQHandler)
    HAL_UART_Init                            0x08003dc5   Thumb Code   112  stm32f7xx_hal_uart.o(i.HAL_UART_Init)
    HAL_UART_MspDeInit                       0x08003e35   Thumb Code    40  usart.o(i.HAL_UART_MspDeInit)
    HAL_UART_MspInit                         0x08003e69   Thumb Code    78  usart.o(i.HAL_UART_MspInit)
    HAL_UART_Receive_IT                      0x08003ec5   Thumb Code   160  stm32f7xx_hal_uart.o(i.HAL_UART_Receive_IT)
    HAL_UART_RxCpltCallback                  0x08003f65   Thumb Code     2  stm32f7xx_hal_uart.o(i.HAL_UART_RxCpltCallback)
    HAL_UART_Transmit                        0x08003f67   Thumb Code   202  stm32f7xx_hal_uart.o(i.HAL_UART_Transmit)
    HAL_UART_TxCpltCallback                  0x08004031   Thumb Code     2  stm32f7xx_hal_uart.o(i.HAL_UART_TxCpltCallback)
    HardFault_Handler                        0x08004033   Thumb Code     2  stm32f7xx_it.o(i.HardFault_Handler)
    Init_Analog                              0x08004035   Thumb Code    54  init_analog.o(i.Init_Analog)
    MX_DMA_Init                              0x08004071   Thumb Code    88  dma.o(i.MX_DMA_Init)
    MX_GPIO_Init                             0x080040cd   Thumb Code   410  gpio.o(i.MX_GPIO_Init)
    MX_SPI1_Init                             0x08004289   Thumb Code    74  spi.o(i.MX_SPI1_Init)
    MX_SPI2_Init                             0x080042ed   Thumb Code    78  spi.o(i.MX_SPI2_Init)
    MX_SPI4_Init                             0x08004355   Thumb Code    74  spi.o(i.MX_SPI4_Init)
    MX_SPI5_Init                             0x080043b9   Thumb Code    74  spi.o(i.MX_SPI5_Init)
    MX_USART2_UART_Init                      0x0800441d   Thumb Code    56  usart.o(i.MX_USART2_UART_Init)
    MX_USB_DEVICE_Init                       0x0800446d   Thumb Code    38  usb_device.o(i.MX_USB_DEVICE_Init)
    MemManage_Handler                        0x080044a5   Thumb Code     2  stm32f7xx_it.o(i.MemManage_Handler)
    NMI_Handler                              0x080044a7   Thumb Code     2  stm32f7xx_it.o(i.NMI_Handler)
    OTG_FS_IRQHandler                        0x080044a9   Thumb Code     6  stm32f7xx_it.o(i.OTG_FS_IRQHandler)
    PGA112                                   0x08004551   Thumb Code    54  gain_pga.o(i.PGA112)
    PendSV_Handler                           0x08004595   Thumb Code     2  stm32f7xx_it.o(i.PendSV_Handler)
    SPI1_IRQHandler                          0x08004599   Thumb Code     6  stm32f7xx_it.o(i.SPI1_IRQHandler)
    SPI2_IRQHandler                          0x080045a5   Thumb Code     6  stm32f7xx_it.o(i.SPI2_IRQHandler)
    SPI4_IRQHandler                          0x080045b1   Thumb Code     6  stm32f7xx_it.o(i.SPI4_IRQHandler)
    SVC_Handler                              0x08004a6d   Thumb Code     2  stm32f7xx_it.o(i.SVC_Handler)
    SysTick_Handler                          0x08004a6f   Thumb Code    14  stm32f7xx_it.o(i.SysTick_Handler)
    SystemClock_Config                       0x08004a7d   Thumb Code   170  main.o(i.SystemClock_Config)
    SystemInit                               0x08004b35   Thumb Code    64  system_stm32f7xx.o(i.SystemInit)
    UART_AdvFeatureConfig                    0x08004b8d   Thumb Code   216  stm32f7xx_hal_uart.o(i.UART_AdvFeatureConfig)
    UART_CheckIdleState                      0x08004c65   Thumb Code    66  stm32f7xx_hal_uart.o(i.UART_CheckIdleState)
    UART_IDLE_Callback                       0x08004cf1   Thumb Code    98  irq_uart.o(i.UART_IDLE_Callback)
    UART_SetConfig                           0x08004de5   Thumb Code   776  stm32f7xx_hal_uart.o(i.UART_SetConfig)
    UART_WaitOnFlagUntilTimeout              0x08005163   Thumb Code   120  stm32f7xx_hal_uart.o(i.UART_WaitOnFlagUntilTimeout)
    USART2_IRQHandler                        0x080051dd   Thumb Code    18  stm32f7xx_it.o(i.USART2_IRQHandler)
    USBD_CDC_GetDeviceQualifierDescriptor    0x080052a5   Thumb Code     8  usbd_cdc.o(i.USBD_CDC_GetDeviceQualifierDescriptor)
    USBD_CDC_ReceivePacket                   0x08005371   Thumb Code    50  usbd_cdc.o(i.USBD_CDC_ReceivePacket)
    USBD_CDC_RegisterInterface               0x080053a3   Thumb Code    16  usbd_cdc.o(i.USBD_CDC_RegisterInterface)
    USBD_CDC_SetRxBuffer                     0x080053b3   Thumb Code    12  usbd_cdc.o(i.USBD_CDC_SetRxBuffer)
    USBD_CDC_SetTxBuffer                     0x080053bf   Thumb Code    16  usbd_cdc.o(i.USBD_CDC_SetTxBuffer)
    USBD_CDC_TransmitPacket                  0x08005449   Thumb Code    50  usbd_cdc.o(i.USBD_CDC_TransmitPacket)
    USBD_ClrClassConfig                      0x0800547b   Thumb Code    14  usbd_core.o(i.USBD_ClrClassConfig)
    USBD_CtlContinueRx                       0x080054c5   Thumb Code    16  usbd_ioreq.o(i.USBD_CtlContinueRx)
    USBD_CtlContinueSendData                 0x080054d5   Thumb Code    16  usbd_ioreq.o(i.USBD_CtlContinueSendData)
    USBD_CtlError                            0x080054e5   Thumb Code    24  usbd_ctlreq.o(i.USBD_CtlError)
    USBD_CtlPrepareRx                        0x080054fd   Thumb Code    30  usbd_ioreq.o(i.USBD_CtlPrepareRx)
    USBD_CtlReceiveStatus                    0x0800551b   Thumb Code    22  usbd_ioreq.o(i.USBD_CtlReceiveStatus)
    USBD_CtlSendData                         0x08005531   Thumb Code    26  usbd_ioreq.o(i.USBD_CtlSendData)
    USBD_CtlSendStatus                       0x0800554b   Thumb Code    22  usbd_ioreq.o(i.USBD_CtlSendStatus)
    USBD_FS_ConfigStrDescriptor              0x08005561   Thumb Code    16  usbd_desc.o(i.USBD_FS_ConfigStrDescriptor)
    USBD_FS_DeviceDescriptor                 0x08005581   Thumb Code     8  usbd_desc.o(i.USBD_FS_DeviceDescriptor)
    USBD_FS_InterfaceStrDescriptor           0x0800558d   Thumb Code    16  usbd_desc.o(i.USBD_FS_InterfaceStrDescriptor)
    USBD_FS_LangIDStrDescriptor              0x080055b1   Thumb Code     8  usbd_desc.o(i.USBD_FS_LangIDStrDescriptor)
    USBD_FS_ManufacturerStrDescriptor        0x080055bd   Thumb Code    16  usbd_desc.o(i.USBD_FS_ManufacturerStrDescriptor)
    USBD_FS_ProductStrDescriptor             0x080055e5   Thumb Code    16  usbd_desc.o(i.USBD_FS_ProductStrDescriptor)
    USBD_FS_SerialStrDescriptor              0x0800560d   Thumb Code    16  usbd_desc.o(i.USBD_FS_SerialStrDescriptor)
    USBD_FS_USR_BOSDescriptor                0x08005631   Thumb Code     8  usbd_desc.o(i.USBD_FS_USR_BOSDescriptor)
    USBD_GetString                           0x080057f9   Thumb Code    66  usbd_ctlreq.o(i.USBD_GetString)
    USBD_Init                                0x0800583b   Thumb Code    44  usbd_core.o(i.USBD_Init)
    USBD_LL_ClearStallEP                     0x08005867   Thumb Code    32  usbd_conf.o(i.USBD_LL_ClearStallEP)
    USBD_LL_CloseEP                          0x08005887   Thumb Code    32  usbd_conf.o(i.USBD_LL_CloseEP)
    USBD_LL_DataInStage                      0x080058a7   Thumb Code   186  usbd_core.o(i.USBD_LL_DataInStage)
    USBD_LL_DataOutStage                     0x08005961   Thumb Code   114  usbd_core.o(i.USBD_LL_DataOutStage)
    USBD_LL_DevConnected                     0x080059d3   Thumb Code     4  usbd_core.o(i.USBD_LL_DevConnected)
    USBD_LL_DevDisconnected                  0x080059d7   Thumb Code    22  usbd_core.o(i.USBD_LL_DevDisconnected)
    USBD_LL_GetRxDataSize                    0x080059ed   Thumb Code     8  usbd_conf.o(i.USBD_LL_GetRxDataSize)
    USBD_LL_Init                             0x080059f5   Thumb Code   100  usbd_conf.o(i.USBD_LL_Init)
    USBD_LL_IsStallEP                        0x08005a71   Thumb Code    32  usbd_conf.o(i.USBD_LL_IsStallEP)
    USBD_LL_IsoINIncomplete                  0x08005a91   Thumb Code     4  usbd_core.o(i.USBD_LL_IsoINIncomplete)
    USBD_LL_IsoOUTIncomplete                 0x08005a95   Thumb Code     4  usbd_core.o(i.USBD_LL_IsoOUTIncomplete)
    USBD_LL_OpenEP                           0x08005a99   Thumb Code    38  usbd_conf.o(i.USBD_LL_OpenEP)
    USBD_LL_PrepareReceive                   0x08005abf   Thumb Code    32  usbd_conf.o(i.USBD_LL_PrepareReceive)
    USBD_LL_Reset                            0x08005adf   Thumb Code    64  usbd_core.o(i.USBD_LL_Reset)
    USBD_LL_Resume                           0x08005b1f   Thumb Code    12  usbd_core.o(i.USBD_LL_Resume)
    USBD_LL_SOF                              0x08005b2b   Thumb Code    24  usbd_core.o(i.USBD_LL_SOF)
    USBD_LL_SetSpeed                         0x08005b43   Thumb Code     6  usbd_core.o(i.USBD_LL_SetSpeed)
    USBD_LL_SetUSBAddress                    0x08005b49   Thumb Code    32  usbd_conf.o(i.USBD_LL_SetUSBAddress)
    USBD_LL_SetupStage                       0x08005b69   Thumb Code    94  usbd_core.o(i.USBD_LL_SetupStage)
    USBD_LL_StallEP                          0x08005bc7   Thumb Code    32  usbd_conf.o(i.USBD_LL_StallEP)
    USBD_LL_Start                            0x08005be7   Thumb Code    32  usbd_conf.o(i.USBD_LL_Start)
    USBD_LL_Suspend                          0x08005c07   Thumb Code    18  usbd_core.o(i.USBD_LL_Suspend)
    USBD_LL_Transmit                         0x08005c19   Thumb Code    32  usbd_conf.o(i.USBD_LL_Transmit)
    USBD_ParseSetupRequest                   0x08005c39   Thumb Code    40  usbd_ctlreq.o(i.USBD_ParseSetupRequest)
    USBD_RegisterClass                       0x08005c61   Thumb Code    18  usbd_core.o(i.USBD_RegisterClass)
    USBD_RunTestMode                         0x08005c73   Thumb Code     4  usbd_core.o(i.USBD_RunTestMode)
    USBD_SetClassConfig                      0x08005ccb   Thumb Code    24  usbd_core.o(i.USBD_SetClassConfig)
    USBD_Start                               0x08005dcd   Thumb Code    10  usbd_core.o(i.USBD_Start)
    USBD_StdDevReq                           0x08005dd7   Thumb Code    92  usbd_ctlreq.o(i.USBD_StdDevReq)
    USBD_StdEPReq                            0x08005e33   Thumb Code   298  usbd_ctlreq.o(i.USBD_StdEPReq)
    USBD_StdItfReq                           0x08005f5d   Thumb Code    68  usbd_ctlreq.o(i.USBD_StdItfReq)
    USB_ActivateEndpoint                     0x08005fa1   Thumb Code   144  stm32f7xx_ll_usb.o(i.USB_ActivateEndpoint)
    USB_ActivateSetup                        0x08006035   Thumb Code    52  stm32f7xx_ll_usb.o(i.USB_ActivateSetup)
    USB_CoreInit                             0x08006069   Thumb Code   116  stm32f7xx_ll_usb.o(i.USB_CoreInit)
    USB_DeactivateEndpoint                   0x08006119   Thumb Code   126  stm32f7xx_ll_usb.o(i.USB_DeactivateEndpoint)
    USB_DevConnect                           0x08006197   Thumb Code    24  stm32f7xx_ll_usb.o(i.USB_DevConnect)
    USB_DevDisconnect                        0x080061af   Thumb Code    24  stm32f7xx_ll_usb.o(i.USB_DevDisconnect)
    USB_DevInit                              0x080061c9   Thumb Code   372  stm32f7xx_ll_usb.o(i.USB_DevInit)
    USB_DisableGlobalInt                     0x08006345   Thumb Code    12  stm32f7xx_ll_usb.o(i.USB_DisableGlobalInt)
    USB_EP0StartXfer                         0x08006351   Thumb Code   350  stm32f7xx_ll_usb.o(i.USB_EP0StartXfer)
    USB_EP0_OutStart                         0x080064af   Thumb Code    62  stm32f7xx_ll_usb.o(i.USB_EP0_OutStart)
    USB_EPClearStall                         0x080064ed   Thumb Code   100  stm32f7xx_ll_usb.o(i.USB_EPClearStall)
    USB_EPSetStall                           0x08006551   Thumb Code   100  stm32f7xx_ll_usb.o(i.USB_EPSetStall)
    USB_EPStartXfer                          0x080065b5   Thumb Code   610  stm32f7xx_ll_usb.o(i.USB_EPStartXfer)
    USB_EnableGlobalInt                      0x08006817   Thumb Code    12  stm32f7xx_ll_usb.o(i.USB_EnableGlobalInt)
    USB_FlushRxFifo                          0x08006825   Thumb Code    30  stm32f7xx_ll_usb.o(i.USB_FlushRxFifo)
    USB_FlushTxFifo                          0x08006849   Thumb Code    34  stm32f7xx_ll_usb.o(i.USB_FlushTxFifo)
    USB_GetDevSpeed                          0x08006871   Thumb Code    60  stm32f7xx_ll_usb.o(i.USB_GetDevSpeed)
    USB_GetMode                              0x080068ad   Thumb Code     8  stm32f7xx_ll_usb.o(i.USB_GetMode)
    USB_ReadDevAllInEpInterrupt              0x080068b5   Thumb Code    14  stm32f7xx_ll_usb.o(i.USB_ReadDevAllInEpInterrupt)
    USB_ReadDevAllOutEpInterrupt             0x080068c3   Thumb Code    14  stm32f7xx_ll_usb.o(i.USB_ReadDevAllOutEpInterrupt)
    USB_ReadDevInEPInterrupt                 0x080068d1   Thumb Code    30  stm32f7xx_ll_usb.o(i.USB_ReadDevInEPInterrupt)
    USB_ReadDevOutEPInterrupt                0x080068ef   Thumb Code    16  stm32f7xx_ll_usb.o(i.USB_ReadDevOutEPInterrupt)
    USB_ReadInterrupts                       0x080068ff   Thumb Code     8  stm32f7xx_ll_usb.o(i.USB_ReadInterrupts)
    USB_ReadPacket                           0x08006907   Thumb Code    36  stm32f7xx_ll_usb.o(i.USB_ReadPacket)
    USB_SetCurrentMode                       0x0800692b   Thumb Code    46  stm32f7xx_ll_usb.o(i.USB_SetCurrentMode)
    USB_SetDevAddress                        0x08006959   Thumb Code    34  stm32f7xx_ll_usb.o(i.USB_SetDevAddress)
    USB_SetDevSpeed                          0x0800697b   Thumb Code    14  stm32f7xx_ll_usb.o(i.USB_SetDevSpeed)
    USB_WritePacket                          0x08006989   Thumb Code    52  stm32f7xx_ll_usb.o(i.USB_WritePacket)
    UsageFault_Handler                       0x080069bd   Thumb Code     2  stm32f7xx_it.o(i.UsageFault_Handler)
    _Error_Handler                           0x080069bf   Thumb Code     2  main.o(i._Error_Handler)
    __0sprintf                               0x080069c1   Thumb Code    34  printfa.o(i.__0sprintf)
    __1sprintf                               0x080069c1   Thumb Code     0  printfa.o(i.__0sprintf)
    __2sprintf                               0x080069c1   Thumb Code     0  printfa.o(i.__0sprintf)
    __c89sprintf                             0x080069c1   Thumb Code     0  printfa.o(i.__0sprintf)
    sprintf                                  0x080069c1   Thumb Code     0  printfa.o(i.__0sprintf)
    __hardfp_fabs                            0x080069e9   Thumb Code    20  fabs.o(i.__hardfp_fabs)
    __hardfp_log                             0x08006a01   Thumb Code   872  log.o(i.__hardfp_log)
    __hardfp_log10                           0x08006dc9   Thumb Code   260  log10.o(i.__hardfp_log10)
    __kernel_poly                            0x08006ef9   Thumb Code   248  poly.o(i.__kernel_poly)
    __mathlib_dbl_divzero                    0x08006ff1   Thumb Code    28  dunder.o(i.__mathlib_dbl_divzero)
    __mathlib_dbl_infnan                     0x08007021   Thumb Code    20  dunder.o(i.__mathlib_dbl_infnan)
    __mathlib_dbl_invalid                    0x08007039   Thumb Code    24  dunder.o(i.__mathlib_dbl_invalid)
    __scatterload_copy                       0x08007059   Thumb Code    14  handlers.o(i.__scatterload_copy)
    __scatterload_null                       0x08007067   Thumb Code     2  handlers.o(i.__scatterload_null)
    __scatterload_zeroinit                   0x08007069   Thumb Code    14  handlers.o(i.__scatterload_zeroinit)
    __set_errno                              0x08007079   Thumb Code     6  errno.o(i.__set_errno)
    _is_digit                                0x08007209   Thumb Code    14  scanf_fp.o(i._is_digit)
    adc_read                                 0x08007929   Thumb Code    54  adc_value.o(i.adc_read)
    channel_1                                0x08007971   Thumb Code    48  selecting_an_optical_key.o(i.channel_1)
    channel_2                                0x080079a5   Thumb Code    48  selecting_an_optical_key.o(i.channel_2)
    channel_3                                0x080079d9   Thumb Code    48  selecting_an_optical_key.o(i.channel_3)
    channel_4                                0x08007a0d   Thumb Code    48  selecting_an_optical_key.o(i.channel_4)
    dac_write                                0x08007a41   Thumb Code   116  changing_a_constant.o(i.dac_write)
    enablyChannel                            0x08007acd   Thumb Code   138  led.o(i.enablyChannel)
    free                                     0x08007b5d   Thumb Code    76  malloc.o(i.free)
    gain_1                                   0x08007bad   Thumb Code    44  gain_pga.o(i.gain_1)
    gain_2                                   0x08007be1   Thumb Code    44  gain_pga.o(i.gain_2)
    gain_3                                   0x08007c15   Thumb Code    42  gain_pga.o(i.gain_3)
    gain_4                                   0x08007c49   Thumb Code    48  gain_pga.o(i.gain_4)
    getCoefficientChannelIn                  0x08007c81   Thumb Code   484  getcoefficient.o(i.getCoefficientChannelIn)
    getCoefficientChannelOut                 0x08007ec9   Thumb Code   464  getcoefficient.o(i.getCoefficientChannelOut)
    getCoefficientLenght                     0x080080e5   Thumb Code    24  getcoefficient.o(i.getCoefficientLenght)
    getCoefficientPGA                        0x0800810d   Thumb Code     6  getcoefficient.o(i.getCoefficientPGA)
    getCoefficientR                          0x08008115   Thumb Code    66  getcoefficient.o(i.getCoefficientR)
    log                                      0x08008165   Thumb Code    16  log.o(i.log)
    main                                     0x08008175   Thumb Code  3922  main.o(i.main)
    malloc                                   0x080090d9   Thumb Code    92  malloc.o(i.malloc)
    read_dBm                                 0x08009145   Thumb Code  1472  read_dbm.o(i.read_dBm)
    table_and_0_point                        0x08009715   Thumb Code  1274  table.o(i.table_and_0_point)
    AHBPrescTable                            0x08009c34   Data          16  system_stm32f7xx.o(.constdata)
    APBPrescTable                            0x08009c44   Data           8  system_stm32f7xx.o(.constdata)
    __mathlib_zero                           0x08009c88   Data           8  qnan.o(.constdata)
    __ctype_categories                       0x08009c90   Data          64  ctype_c.o(.constdata)
    Region$$Table$$Base                      0x08009cd0   Number         0  anon$$obj.o(Region$$Table)
    Region$$Table$$Limit                     0x08009cf0   Number         0  anon$$obj.o(Region$$Table)
    value_dac                                0x20000000   Data           2  changing_a_constant.o(.data)
    R_86                                     0x20000004   Data           4  getcoefficient.o(.data)
    R_2                                      0x20000008   Data           4  getcoefficient.o(.data)
    gainPGA                                  0x2000000c   Data           1  read_dbm.o(.data)
    gain                                     0x2000000d   Data           1  read_dbm.o(.data)
    mV_test                                  0x20000010   Data           4  read_dbm.o(.data)
    status                                   0x20000014   Data           1  irq_uart.o(.data)
    wave_1310_value_calibrate                0x20000018   Data           2  table.o(.data)
    wave_1550_value_calibrate                0x2000001a   Data           2  table.o(.data)
    wave_1310_inCoefficient                  0x2000001c   Data           2  table.o(.data)
    wave_1310_outCoefficient                 0x2000001e   Data           2  table.o(.data)
    wave_1550_inCoefficient                  0x20000020   Data           2  table.o(.data)
    wave_1550_outCoefficient                 0x20000022   Data           2  table.o(.data)
    value_dac_const                          0x20000024   Data           2  table.o(.data)
    coeff_voa_1310                           0x20000026   Data           2  table.o(.data)
    coeff_voa_1550                           0x20000028   Data           2  table.o(.data)
    temp_dBm_in                              0x2000002c   Data           4  table.o(.data)
    temp_dBm_out                             0x20000030   Data           4  table.o(.data)
    index_2                                  0x20000034   Data           4  table.o(.data)
    dBm_out_temp                             0x20000038   Data           8  table.o(.data)
    index_1                                  0x20000040   Data           4  main.o(.data)
    firstByteWait                            0x20000044   Data           1  main.o(.data)
    calib                                    0x20000045   Data           1  main.o(.data)
    number_channel_1                         0x20000046   Data           1  main.o(.data)
    lenght_1                                 0x20000047   Data           1  main.o(.data)
    count                                    0x20000048   Data           1  main.o(.data)
    Len                                      0x20000049   Data           1  main.o(.data)
    Ch                                       0x2000004a   Data           1  main.o(.data)
    in_or_out                                0x2000004b   Data           1  main.o(.data)
    mode                                     0x2000004c   Data           1  main.o(.data)
    adc_value                                0x2000004e   Data           2  main.o(.data)
    Coeff_1310_test                          0x20000050   Data           2  main.o(.data)
    Coeff_1550_test                          0x20000052   Data           2  main.o(.data)
    Coeff_Rez_test                           0x20000054   Data           2  main.o(.data)
    dBm_in                                   0x20000058   Data           4  main.o(.data)
    dBm_out                                  0x2000005c   Data           4  main.o(.data)
    number_channel                           0x20000060   Data           4  main.o(.data)
    lenght                                   0x20000064   Data           4  main.o(.data)
    dBm_1                                    0x20000068   Data           4  main.o(.data)
    Cof                                      0x2000006c   Data           4  main.o(.data)
    Out_AOP                                  0x20000070   Data           4  main.o(.data)
    delta                                    0x20000074   Data           4  main.o(.data)
    page_error                               0x20000078   Data           4  main.o(.data)
    dBm_in_tx                                0x2000007c   Data           5  main.o(.data)
    dBm_out_tx                               0x20000081   Data           5  main.o(.data)
    Coeff_REZ_0_gui                          0x20000086   Data           5  main.o(.data)
    Coeff_REZ_1_gui                          0x2000008b   Data           5  main.o(.data)
    Coeff_REZ_2_gui                          0x20000090   Data           5  main.o(.data)
    Coeff_REZ_3_gui                          0x20000095   Data           5  main.o(.data)
    str_error                                0x2000009a   Data           7  main.o(.data)
    value_pga_112                            0x200000a1   Data           2  main.o(.data)
    value                                    0x200000a4   Data           2  main.o(.data)
    value_adc                                0x200000a6   Data           2  main.o(.data)
    mV                                       0x200000a8   Data           4  main.o(.data)
    temp                                     0x200000ac   Data           2  main.o(.data)
    FS_Desc                                  0x200000b0   Data          32  usbd_desc.o(.data)
    USBD_LangIDDesc                          0x200000d0   Data           4  usbd_desc.o(.data)
    USBD_FS_DeviceDesc                       0x200000d4   Data          18  usbd_desc.o(.data)
    USBD_FS_BOSDesc                          0x200000e8   Data          12  usbd_desc.o(.data)
    USBD_Interface_fops_FS                   0x200000f4   Data          16  usbd_cdc_if.o(.data)
    uwTick                                   0x20000104   Data           4  stm32f7xx_hal.o(.data)
    SystemCoreClock                          0x20000108   Data           4  system_stm32f7xx.o(.data)
    USBD_CDC_CfgHSDesc                       0x20000120   Data          67  usbd_cdc.o(.data)
    USBD_CDC_CfgFSDesc                       0x20000164   Data          67  usbd_cdc.o(.data)
    USBD_CDC_OtherSpeedCfgDesc               0x200001a8   Data          67  usbd_cdc.o(.data)
    USBD_CDC                                 0x200001ec   Data          56  usbd_cdc.o(.data)
    __microlib_freelist                      0x20000224   Data           4  mvars.o(.data)
    __microlib_freelist_initialised          0x20000228   Data           4  mvars.o(.data)
    str_rx                                   0x20000240   Data         500  main.o(.bss)
    dBm                                      0x20000434   Data          16  main.o(.bss)
    str_in_tx                                0x20000444   Data          15  main.o(.bss)
    str_out_tx                               0x20000453   Data          15  main.o(.bss)
    voa_1310                                 0x20000462   Data         602  main.o(.bss)
    voa_1550                                 0x200006bc   Data         602  main.o(.bss)
    str_tx_coeff                             0x20000916   Data          87  main.o(.bss)
    str_rez_coeff                            0x2000096d   Data          40  main.o(.bss)
    Coeff_in_1310_1_gui                      0x20000995   Data          20  main.o(.bss)
    Coeff_in_1310_2_gui                      0x200009a9   Data          20  main.o(.bss)
    Coeff_in_1310_3_gui                      0x200009bd   Data          20  main.o(.bss)
    Coeff_in_1310_4_gui                      0x200009d1   Data          20  main.o(.bss)
    Coeff_in_1550_1_gui                      0x200009e5   Data          20  main.o(.bss)
    Coeff_in_1550_2_gui                      0x200009f9   Data          20  main.o(.bss)
    Coeff_in_1550_3_gui                      0x20000a0d   Data          20  main.o(.bss)
    Coeff_in_1550_4_gui                      0x20000a21   Data          20  main.o(.bss)
    Coeff_out_1310_1_gui                     0x20000a35   Data          20  main.o(.bss)
    Coeff_out_1310_2_gui                     0x20000a49   Data          20  main.o(.bss)
    Coeff_out_1310_3_gui                     0x20000a5d   Data          20  main.o(.bss)
    Coeff_out_1310_4_gui                     0x20000a71   Data          20  main.o(.bss)
    Coeff_out_1550_1_gui                     0x20000a85   Data          20  main.o(.bss)
    Coeff_out_1550_2_gui                     0x20000a99   Data          20  main.o(.bss)
    Coeff_out_1550_3_gui                     0x20000aad   Data          20  main.o(.bss)
    Coeff_out_1550_4_gui                     0x20000ac1   Data          20  main.o(.bss)
    Coeff_1310                               0x20000ad8   Data          32  main.o(.bss)
    Coeff_1550                               0x20000af8   Data          32  main.o(.bss)
    Coeff_REZ                                0x20000b18   Data          16  main.o(.bss)
    hspi1                                    0x20000b38   Data         100  spi.o(.bss)
    hspi2                                    0x20000b9c   Data         100  spi.o(.bss)
    hspi4                                    0x20000c00   Data         100  spi.o(.bss)
    hspi5                                    0x20000c64   Data         100  spi.o(.bss)
    hdma_spi1_tx                             0x20000cc8   Data          96  spi.o(.bss)
    hdma_spi2_rx                             0x20000d28   Data          96  spi.o(.bss)
    hdma_spi4_tx                             0x20000d88   Data          96  spi.o(.bss)
    huart2                                   0x20000de8   Data         112  usart.o(.bss)
    hUsbDeviceFS                             0x20000e58   Data         548  usb_device.o(.bss)
    hpcd_USB_OTG_FS                          0x2000107c   Data        1024  usbd_conf.o(.bss)
    USBD_StrDesc                             0x2000147c   Data         512  usbd_desc.o(.bss)
    UserRxBufferFS                           0x2000167c   Data        2048  usbd_cdc_if.o(.bss)
    UserTxBufferFS                           0x20001e7c   Data        2048  usbd_cdc_if.o(.bss)
    pFlash                                   0x2000267c   Data          28  stm32f7xx_hal_flash.o(.bss)
    __heap_base                              0x20002698   Data           0  startup_stm32f746xx.o(HEAP)
    __heap_limit                             0x20004698   Data           0  startup_stm32f746xx.o(HEAP)
    __initial_sp                             0x20008698   Data           0  startup_stm32f746xx.o(STACK)



==============================================================================

Memory Map of the image

  Image Entry point : 0x080001c9

  Load Region LR_IROM1 (Base: 0x08000000, Size: 0x00009f20, Max: 0x00200000, ABSOLUTE, COMPRESSED[0x00009de0])

    Execution Region ER_IROM1 (Exec base: 0x08000000, Load base: 0x08000000, Size: 0x00009cf0, Max: 0x00200000, ABSOLUTE)

    Exec Addr    Load Addr    Size         Type   Attr      Idx    E Section Name        Object

    0x08000000   0x08000000   0x000001c8   Data   RO         1231    RESET               startup_stm32f746xx.o
    0x080001c8   0x080001c8   0x00000000   Code   RO         4457  * .ARM.Collect$$$$00000000  mc_w.l(entry.o)
    0x080001c8   0x080001c8   0x00000004   Code   RO         4807    .ARM.Collect$$$$00000001  mc_w.l(entry2.o)
    0x080001cc   0x080001cc   0x00000004   Code   RO         4810    .ARM.Collect$$$$00000004  mc_w.l(entry5.o)
    0x080001d0   0x080001d0   0x00000000   Code   RO         4812    .ARM.Collect$$$$00000008  mc_w.l(entry7b.o)
    0x080001d0   0x080001d0   0x00000000   Code   RO         4814    .ARM.Collect$$$$0000000A  mc_w.l(entry8b.o)
    0x080001d0   0x080001d0   0x00000008   Code   RO         4815    .ARM.Collect$$$$0000000B  mc_w.l(entry9a.o)
    0x080001d8   0x080001d8   0x00000004   Code   RO         4822    .ARM.Collect$$$$0000000E  mc_w.l(entry12b.o)
    0x080001dc   0x080001dc   0x00000000   Code   RO         4817    .ARM.Collect$$$$0000000F  mc_w.l(entry10a.o)
    0x080001dc   0x080001dc   0x00000000   Code   RO         4819    .ARM.Collect$$$$00000011  mc_w.l(entry11a.o)
    0x080001dc   0x080001dc   0x00000004   Code   RO         4808    .ARM.Collect$$$$00002712  mc_w.l(entry2.o)
    0x080001e0   0x080001e0   0x00000024   Code   RO         1232    .text               startup_stm32f746xx.o
    0x08000204   0x08000204   0x00000018   Code   RO         4462    .text               mc_w.l(strncpy.o)
    0x0800021c   0x0800021c   0x0000001e   Code   RO         4464    .text               mc_w.l(strncmp.o)
    0x0800023a   0x0800023a   0x00000002   PAD
    0x0800023c   0x0800023c   0x00000038   Code   RO         4755    .text               mc_w.l(__0sscanf.o)
    0x08000274   0x08000274   0x00000360   Code   RO         4757    .text               mc_w.l(scanf_fp.o)
    0x080005d4   0x080005d4   0x0000014e   Code   RO         4761    .text               mf_w.l(dadd.o)
    0x08000722   0x08000722   0x000000e4   Code   RO         4763    .text               mf_w.l(dmul.o)
    0x08000806   0x08000806   0x000000de   Code   RO         4765    .text               mf_w.l(ddiv.o)
    0x080008e4   0x080008e4   0x0000001a   Code   RO         4767    .text               mf_w.l(dfltui.o)
    0x080008fe   0x080008fe   0x0000003e   Code   RO         4769    .text               mf_w.l(dfixi.o)
    0x0800093c   0x0800093c   0x00000026   Code   RO         4771    .text               mf_w.l(f2d.o)
    0x08000962   0x08000962   0x00000002   PAD
    0x08000964   0x08000964   0x00000030   Code   RO         4773    .text               mf_w.l(cdcmple.o)
    0x08000994   0x08000994   0x00000030   Code   RO         4775    .text               mf_w.l(cdrcmple.o)
    0x080009c4   0x080009c4   0x00000038   Code   RO         4777    .text               mf_w.l(d2f.o)
    0x080009fc   0x080009fc   0x0000002c   Code   RO         4826    .text               mc_w.l(uidiv.o)
    0x08000a28   0x08000a28   0x00000062   Code   RO         4828    .text               mc_w.l(uldiv.o)
    0x08000a8a   0x08000a8a   0x0000001e   Code   RO         4830    .text               mc_w.l(llshl.o)
    0x08000aa8   0x08000aa8   0x00000020   Code   RO         4832    .text               mc_w.l(llushr.o)
    0x08000ac8   0x08000ac8   0x00000024   Code   RO         4834    .text               mc_w.l(llsshr.o)
    0x08000aec   0x08000aec   0x00000028   Code   RO         4849    .text               mc_w.l(scanf_char.o)
    0x08000b14   0x08000b14   0x00000040   Code   RO         4851    .text               mc_w.l(_sgetc.o)
    0x08000b54   0x08000b54   0x00000000   Code   RO         4853    .text               mc_w.l(iusefp.o)
    0x08000b54   0x08000b54   0x0000006e   Code   RO         4854    .text               mf_w.l(fepilogue.o)
    0x08000bc2   0x08000bc2   0x000000ba   Code   RO         4858    .text               mf_w.l(depilogue.o)
    0x08000c7c   0x08000c7c   0x00000022   Code   RO         4862    .text               mf_w.l(dflti.o)
    0x08000c9e   0x08000c9e   0x00000018   Code   RO         4864    .text               mf_w.l(dfltul.o)
    0x08000cb6   0x08000cb6   0x00000030   Code   RO         4866    .text               mf_w.l(dfixul.o)
    0x08000ce6   0x08000ce6   0x00000002   PAD
    0x08000ce8   0x08000ce8   0x00000024   Code   RO         4871    .text               mc_w.l(init.o)
    0x08000d0c   0x08000d0c   0x0000000a   Code   RO         4874    .text               mc_w.l(isspace_c.o)
    0x08000d16   0x08000d16   0x00000002   PAD
    0x08000d18   0x08000d18   0x00000330   Code   RO         4876    .text               mc_w.l(_scanf.o)
    0x08001048   0x08001048   0x00000028   Code   RO         4879    .text               mc_w.l(ctype_c.o)
    0x08001070   0x08001070   0x00000056   Code   RO         4890    .text               mc_w.l(__dczerorl2.o)
    0x080010c6   0x080010c6   0x00000002   Code   RO         1084    i.BusFault_Handler  stm32f7xx_it.o
    0x080010c8   0x080010c8   0x00000004   Code   RO         1032    i.CDC_Control_FS    usbd_cdc_if.o
    0x080010cc   0x080010cc   0x00000004   Code   RO         1033    i.CDC_DeInit_FS     usbd_cdc_if.o
    0x080010d0   0x080010d0   0x00000024   Code   RO         1034    i.CDC_Init_FS       usbd_cdc_if.o
    0x080010f4   0x080010f4   0x00000034   Code   RO         1035    i.CDC_Receive_FS    usbd_cdc_if.o
    0x08001128   0x08001128   0x0000002c   Code   RO         1036    i.CDC_Transmit_FS   usbd_cdc_if.o
    0x08001154   0x08001154   0x0000003c   Code   RO          288    i.Cu                getcoefficient.o
    0x08001190   0x08001190   0x0000000c   Code   RO         1085    i.DMA1_Stream3_IRQHandler  stm32f7xx_it.o
    0x0800119c   0x0800119c   0x0000000c   Code   RO         1086    i.DMA2_Stream1_IRQHandler  stm32f7xx_it.o
    0x080011a8   0x080011a8   0x0000000c   Code   RO         1087    i.DMA2_Stream3_IRQHandler  stm32f7xx_it.o
    0x080011b4   0x080011b4   0x00000034   Code   RO         2221    i.DMA_CalcBaseAndBitshift  stm32f7xx_hal_dma.o
    0x080011e8   0x080011e8   0x0000007e   Code   RO         2222    i.DMA_CheckFifoParam  stm32f7xx_hal_dma.o
    0x08001266   0x08001266   0x00000002   Code   RO         1088    i.DebugMon_Handler  stm32f7xx_it.o
    0x08001268   0x08001268   0x00000054   Code   RO         2046    i.FLASH_Erase_Sector  stm32f7xx_hal_flash_ex.o
    0x080012bc   0x080012bc   0x0000002c   Code   RO         2047    i.FLASH_MassErase   stm32f7xx_hal_flash_ex.o
    0x080012e8   0x080012e8   0x00000024   Code   RO         1928    i.FLASH_Program_Byte  stm32f7xx_hal_flash.o
    0x0800130c   0x0800130c   0x00000034   Code   RO         1929    i.FLASH_Program_DoubleWord  stm32f7xx_hal_flash.o
    0x08001340   0x08001340   0x00000028   Code   RO         1930    i.FLASH_Program_HalfWord  stm32f7xx_hal_flash.o
    0x08001368   0x08001368   0x00000028   Code   RO         1931    i.FLASH_Program_Word  stm32f7xx_hal_flash.o
    0x08001390   0x08001390   0x00000064   Code   RO         1932    i.FLASH_SetErrorCode  stm32f7xx_hal_flash.o
    0x080013f4   0x080013f4   0x00000060   Code   RO         1933    i.FLASH_WaitForLastOperation  stm32f7xx_hal_flash.o
    0x08001454   0x08001454   0x00000024   Code   RO         2225    i.HAL_DMA_Abort_IT  stm32f7xx_hal_dma.o
    0x08001478   0x08001478   0x000001f4   Code   RO         2229    i.HAL_DMA_IRQHandler  stm32f7xx_hal_dma.o
    0x0800166c   0x0800166c   0x000000ec   Code   RO         2230    i.HAL_DMA_Init      stm32f7xx_hal_dma.o
    0x08001758   0x08001758   0x00000016   Code   RO         2721    i.HAL_Delay         stm32f7xx_hal.o
    0x0800176e   0x0800176e   0x00000002   PAD
    0x08001770   0x08001770   0x00000098   Code   RO         2059    i.HAL_FLASHEx_Erase  stm32f7xx_hal_flash_ex.o
    0x08001808   0x08001808   0x00000014   Code   RO         1937    i.HAL_FLASH_Lock    stm32f7xx_hal_flash.o
    0x0800181c   0x0800181c   0x00000084   Code   RO         1942    i.HAL_FLASH_Program  stm32f7xx_hal_flash.o
    0x080018a0   0x080018a0   0x0000002c   Code   RO         1944    i.HAL_FLASH_Unlock  stm32f7xx_hal_flash.o
    0x080018cc   0x080018cc   0x00000188   Code   RO         2155    i.HAL_GPIO_DeInit   stm32f7xx_hal_gpio.o
    0x08001a54   0x08001a54   0x00000240   Code   RO         2158    i.HAL_GPIO_Init     stm32f7xx_hal_gpio.o
    0x08001c94   0x08001c94   0x0000000e   Code   RO         2162    i.HAL_GPIO_WritePin  stm32f7xx_hal_gpio.o
    0x08001ca2   0x08001ca2   0x00000002   PAD
    0x08001ca4   0x08001ca4   0x0000000c   Code   RO         2729    i.HAL_GetTick       stm32f7xx_hal.o
    0x08001cb0   0x08001cb0   0x00000010   Code   RO         2733    i.HAL_IncTick       stm32f7xx_hal.o
    0x08001cc0   0x08001cc0   0x00000016   Code   RO         2734    i.HAL_Init          stm32f7xx_hal.o
    0x08001cd6   0x08001cd6   0x00000002   PAD
    0x08001cd8   0x08001cd8   0x00000028   Code   RO         2735    i.HAL_InitTick      stm32f7xx_hal.o
    0x08001d00   0x08001d00   0x00000058   Code   RO         1208    i.HAL_MspInit       stm32f7xx_hal_msp.o
    0x08001d58   0x08001d58   0x00000018   Code   RO         2588    i.HAL_NVIC_DisableIRQ  stm32f7xx_hal_cortex.o
    0x08001d70   0x08001d70   0x00000018   Code   RO         2589    i.HAL_NVIC_EnableIRQ  stm32f7xx_hal_cortex.o
    0x08001d88   0x08001d88   0x0000006c   Code   RO         2595    i.HAL_NVIC_SetPriority  stm32f7xx_hal_cortex.o
    0x08001df4   0x08001df4   0x00000024   Code   RO         2596    i.HAL_NVIC_SetPriorityGrouping  stm32f7xx_hal_cortex.o
    0x08001e18   0x08001e18   0x00000026   Code   RO         1454    i.HAL_PCDEx_ActivateLPM  stm32f7xx_hal_pcd_ex.o
    0x08001e3e   0x08001e3e   0x00000002   PAD
    0x08001e40   0x08001e40   0x00000060   Code   RO          763    i.HAL_PCDEx_LPM_Callback  usbd_conf.o
    0x08001ea0   0x08001ea0   0x00000008   Code   RO         1457    i.HAL_PCDEx_SetRxFiFo  stm32f7xx_hal_pcd_ex.o
    0x08001ea8   0x08001ea8   0x00000048   Code   RO         1458    i.HAL_PCDEx_SetTxFiFo  stm32f7xx_hal_pcd_ex.o
    0x08001ef0   0x08001ef0   0x00000008   Code   RO          764    i.HAL_PCD_ConnectCallback  usbd_conf.o
    0x08001ef8   0x08001ef8   0x00000012   Code   RO          765    i.HAL_PCD_DataInStageCallback  usbd_conf.o
    0x08001f0a   0x08001f0a   0x00000014   Code   RO          766    i.HAL_PCD_DataOutStageCallback  usbd_conf.o
    0x08001f1e   0x08001f1e   0x00000008   Code   RO          767    i.HAL_PCD_DisconnectCallback  usbd_conf.o
    0x08001f26   0x08001f26   0x00000048   Code   RO         1248    i.HAL_PCD_EP_Close  stm32f7xx_hal_pcd.o
    0x08001f6e   0x08001f6e   0x00000054   Code   RO         1249    i.HAL_PCD_EP_ClrStall  stm32f7xx_hal_pcd.o
    0x08001fc2   0x08001fc2   0x00000014   Code   RO         1251    i.HAL_PCD_EP_GetRxCount  stm32f7xx_hal_pcd.o
    0x08001fd6   0x08001fd6   0x0000005e   Code   RO         1252    i.HAL_PCD_EP_Open   stm32f7xx_hal_pcd.o
    0x08002034   0x08002034   0x00000046   Code   RO         1253    i.HAL_PCD_EP_Receive  stm32f7xx_hal_pcd.o
    0x0800207a   0x0800207a   0x00000066   Code   RO         1254    i.HAL_PCD_EP_SetStall  stm32f7xx_hal_pcd.o
    0x080020e0   0x080020e0   0x00000046   Code   RO         1255    i.HAL_PCD_EP_Transmit  stm32f7xx_hal_pcd.o
    0x08002126   0x08002126   0x00000002   PAD
    0x08002128   0x08002128   0x000005cc   Code   RO         1257    i.HAL_PCD_IRQHandler  stm32f7xx_hal_pcd.o
    0x080026f4   0x080026f4   0x00000008   Code   RO          768    i.HAL_PCD_ISOINIncompleteCallback  usbd_conf.o
    0x080026fc   0x080026fc   0x00000008   Code   RO          769    i.HAL_PCD_ISOOUTIncompleteCallback  usbd_conf.o
    0x08002704   0x08002704   0x00000106   Code   RO         1260    i.HAL_PCD_Init      stm32f7xx_hal_pcd.o
    0x0800280a   0x0800280a   0x00000002   PAD
    0x0800280c   0x0800280c   0x00000080   Code   RO          771    i.HAL_PCD_MspInit   usbd_conf.o
    0x0800288c   0x0800288c   0x00000020   Code   RO          772    i.HAL_PCD_ResetCallback  usbd_conf.o
    0x080028ac   0x080028ac   0x00000008   Code   RO          773    i.HAL_PCD_ResumeCallback  usbd_conf.o
    0x080028b4   0x080028b4   0x00000008   Code   RO          774    i.HAL_PCD_SOFCallback  usbd_conf.o
    0x080028bc   0x080028bc   0x00000024   Code   RO         1266    i.HAL_PCD_SetAddress  stm32f7xx_hal_pcd.o
    0x080028e0   0x080028e0   0x0000000e   Code   RO          775    i.HAL_PCD_SetupStageCallback  usbd_conf.o
    0x080028ee   0x080028ee   0x0000002a   Code   RO         1268    i.HAL_PCD_Start     stm32f7xx_hal_pcd.o
    0x08002918   0x08002918   0x00000030   Code   RO          776    i.HAL_PCD_SuspendCallback  usbd_conf.o
    0x08002948   0x08002948   0x00000582   Code   RO         1894    i.HAL_RCCEx_PeriphCLKConfig  stm32f7xx_hal_rcc_ex.o
    0x08002eca   0x08002eca   0x00000002   PAD
    0x08002ecc   0x08002ecc   0x00000164   Code   RO         1791    i.HAL_RCC_ClockConfig  stm32f7xx_hal_rcc.o
    0x08003030   0x08003030   0x0000000c   Code   RO         1796    i.HAL_RCC_GetHCLKFreq  stm32f7xx_hal_rcc.o
    0x0800303c   0x0800303c   0x00000024   Code   RO         1798    i.HAL_RCC_GetPCLK1Freq  stm32f7xx_hal_rcc.o
    0x08003060   0x08003060   0x00000024   Code   RO         1799    i.HAL_RCC_GetPCLK2Freq  stm32f7xx_hal_rcc.o
    0x08003084   0x08003084   0x0000006c   Code   RO         1800    i.HAL_RCC_GetSysClockFreq  stm32f7xx_hal_rcc.o
    0x080030f0   0x080030f0   0x0000048c   Code   RO         1803    i.HAL_RCC_OscConfig  stm32f7xx_hal_rcc.o
    0x0800357c   0x0800357c   0x00000002   Code   RO         3356    i.HAL_SPI_ErrorCallback  stm32f7xx_hal_spi.o
    0x0800357e   0x0800357e   0x00000002   PAD
    0x08003580   0x08003580   0x000000f8   Code   RO         3359    i.HAL_SPI_IRQHandler  stm32f7xx_hal_spi.o
    0x08003678   0x08003678   0x000000c4   Code   RO         3360    i.HAL_SPI_Init      stm32f7xx_hal_spi.o
    0x0800373c   0x0800373c   0x00000230   Code   RO          628    i.HAL_SPI_MspInit   spi.o
    0x0800396c   0x0800396c   0x000000e0   Code   RO         3365    i.HAL_SPI_Receive_IT  stm32f7xx_hal_spi.o
    0x08003a4c   0x08003a4c   0x00000002   Code   RO         3366    i.HAL_SPI_RxCpltCallback  stm32f7xx_hal_spi.o
    0x08003a4e   0x08003a4e   0x00000002   PAD
    0x08003a50   0x08003a50   0x000000d8   Code   RO         3371    i.HAL_SPI_TransmitReceive_IT  stm32f7xx_hal_spi.o
    0x08003b28   0x08003b28   0x000000ac   Code   RO         3373    i.HAL_SPI_Transmit_IT  stm32f7xx_hal_spi.o
    0x08003bd4   0x08003bd4   0x00000002   Code   RO         3374    i.HAL_SPI_TxCpltCallback  stm32f7xx_hal_spi.o
    0x08003bd6   0x08003bd6   0x00000002   Code   RO         3376    i.HAL_SPI_TxRxCpltCallback  stm32f7xx_hal_spi.o
    0x08003bd8   0x08003bd8   0x0000001c   Code   RO         2598    i.HAL_SYSTICK_CLKSourceConfig  stm32f7xx_hal_cortex.o
    0x08003bf4   0x08003bf4   0x00000002   Code   RO         2599    i.HAL_SYSTICK_Callback  stm32f7xx_hal_cortex.o
    0x08003bf6   0x08003bf6   0x00000002   PAD
    0x08003bf8   0x08003bf8   0x00000028   Code   RO         2600    i.HAL_SYSTICK_Config  stm32f7xx_hal_cortex.o
    0x08003c20   0x08003c20   0x00000008   Code   RO         2601    i.HAL_SYSTICK_IRQHandler  stm32f7xx_hal_cortex.o
    0x08003c28   0x08003c28   0x00000042   Code   RO         3726    i.HAL_UART_DeInit   stm32f7xx_hal_uart.o
    0x08003c6a   0x08003c6a   0x00000002   Code   RO         3727    i.HAL_UART_ErrorCallback  stm32f7xx_hal_uart.o
    0x08003c6c   0x08003c6c   0x00000158   Code   RO         3730    i.HAL_UART_IRQHandler  stm32f7xx_hal_uart.o
    0x08003dc4   0x08003dc4   0x00000070   Code   RO         3731    i.HAL_UART_Init     stm32f7xx_hal_uart.o
    0x08003e34   0x08003e34   0x00000034   Code   RO          687    i.HAL_UART_MspDeInit  usart.o
    0x08003e68   0x08003e68   0x0000005c   Code   RO          688    i.HAL_UART_MspInit  usart.o
    0x08003ec4   0x08003ec4   0x000000a0   Code   RO         3736    i.HAL_UART_Receive_IT  stm32f7xx_hal_uart.o
    0x08003f64   0x08003f64   0x00000002   Code   RO         3737    i.HAL_UART_RxCpltCallback  stm32f7xx_hal_uart.o
    0x08003f66   0x08003f66   0x000000ca   Code   RO         3739    i.HAL_UART_Transmit  stm32f7xx_hal_uart.o
    0x08004030   0x08004030   0x00000002   Code   RO         3742    i.HAL_UART_TxCpltCallback  stm32f7xx_hal_uart.o
    0x08004032   0x08004032   0x00000002   Code   RO         1089    i.HardFault_Handler  stm32f7xx_it.o
    0x08004034   0x08004034   0x0000003c   Code   RO          454    i.Init_Analog       init_analog.o
    0x08004070   0x08004070   0x0000005c   Code   RO          603    i.MX_DMA_Init       dma.o
    0x080040cc   0x080040cc   0x000001bc   Code   RO          579    i.MX_GPIO_Init      gpio.o
    0x08004288   0x08004288   0x00000064   Code   RO          629    i.MX_SPI1_Init      spi.o
    0x080042ec   0x080042ec   0x00000068   Code   RO          630    i.MX_SPI2_Init      spi.o
    0x08004354   0x08004354   0x00000064   Code   RO          631    i.MX_SPI4_Init      spi.o
    0x080043b8   0x080043b8   0x00000064   Code   RO          632    i.MX_SPI5_Init      spi.o
    0x0800441c   0x0800441c   0x00000050   Code   RO          689    i.MX_USART2_UART_Init  usart.o
    0x0800446c   0x0800446c   0x00000038   Code   RO          729    i.MX_USB_DEVICE_Init  usb_device.o
    0x080044a4   0x080044a4   0x00000002   Code   RO         1090    i.MemManage_Handler  stm32f7xx_it.o
    0x080044a6   0x080044a6   0x00000002   Code   RO         1091    i.NMI_Handler       stm32f7xx_it.o
    0x080044a8   0x080044a8   0x0000000c   Code   RO         1092    i.OTG_FS_IRQHandler  stm32f7xx_it.o
    0x080044b4   0x080044b4   0x0000009a   Code   RO         1271    i.PCD_WriteEmptyTxFifo  stm32f7xx_hal_pcd.o
    0x0800454e   0x0800454e   0x00000002   PAD
    0x08004550   0x08004550   0x00000044   Code   RO          233    i.PGA112            gain_pga.o
    0x08004594   0x08004594   0x00000002   Code   RO         1093    i.PendSV_Handler    stm32f7xx_it.o
    0x08004596   0x08004596   0x00000002   PAD
    0x08004598   0x08004598   0x0000000c   Code   RO         1094    i.SPI1_IRQHandler   stm32f7xx_it.o
    0x080045a4   0x080045a4   0x0000000c   Code   RO         1095    i.SPI2_IRQHandler   stm32f7xx_it.o
    0x080045b0   0x080045b0   0x0000000c   Code   RO         1096    i.SPI4_IRQHandler   stm32f7xx_it.o
    0x080045bc   0x080045bc   0x00000036   Code   RO         3378    i.SPI_2linesRxISR_16BIT  stm32f7xx_hal_spi.o
    0x080045f2   0x080045f2   0x00000064   Code   RO         3379    i.SPI_2linesRxISR_8BIT  stm32f7xx_hal_spi.o
    0x08004656   0x08004656   0x00000032   Code   RO         3380    i.SPI_2linesTxISR_16BIT  stm32f7xx_hal_spi.o
    0x08004688   0x08004688   0x00000048   Code   RO         3381    i.SPI_2linesTxISR_8BIT  stm32f7xx_hal_spi.o
    0x080046d0   0x080046d0   0x00000058   Code   RO         3384    i.SPI_CloseRxTx_ISR  stm32f7xx_hal_spi.o
    0x08004728   0x08004728   0x00000040   Code   RO         3385    i.SPI_CloseRx_ISR   stm32f7xx_hal_spi.o
    0x08004768   0x08004768   0x0000004c   Code   RO         3386    i.SPI_CloseTx_ISR   stm32f7xx_hal_spi.o
    0x080047b4   0x080047b4   0x00000012   Code   RO         3387    i.SPI_DMAAbortOnError  stm32f7xx_hal_spi.o
    0x080047c6   0x080047c6   0x0000007c   Code   RO         3397    i.SPI_EndRxTransaction  stm32f7xx_hal_spi.o
    0x08004842   0x08004842   0x00000064   Code   RO         3398    i.SPI_EndRxTxTransaction  stm32f7xx_hal_spi.o
    0x080048a6   0x080048a6   0x00000026   Code   RO         3399    i.SPI_RxISR_16BIT   stm32f7xx_hal_spi.o
    0x080048cc   0x080048cc   0x00000024   Code   RO         3400    i.SPI_RxISR_8BIT    stm32f7xx_hal_spi.o
    0x080048f0   0x080048f0   0x00000020   Code   RO         3401    i.SPI_TxISR_16BIT   stm32f7xx_hal_spi.o
    0x08004910   0x08004910   0x0000001e   Code   RO         3402    i.SPI_TxISR_8BIT    stm32f7xx_hal_spi.o
    0x0800492e   0x0800492e   0x000000aa   Code   RO         3403    i.SPI_WaitFifoStateUntilTimeout  stm32f7xx_hal_spi.o
    0x080049d8   0x080049d8   0x00000094   Code   RO         3404    i.SPI_WaitFlagStateUntilTimeout  stm32f7xx_hal_spi.o
    0x08004a6c   0x08004a6c   0x00000002   Code   RO         1097    i.SVC_Handler       stm32f7xx_it.o
    0x08004a6e   0x08004a6e   0x0000000e   Code   RO         1098    i.SysTick_Handler   stm32f7xx_it.o
    0x08004a7c   0x08004a7c   0x000000b8   Code   RO          520    i.SystemClock_Config  main.o
    0x08004b34   0x08004b34   0x00000058   Code   RO         4002    i.SystemInit        system_stm32f7xx.o
    0x08004b8c   0x08004b8c   0x000000d8   Code   RO         3744    i.UART_AdvFeatureConfig  stm32f7xx_hal_uart.o
    0x08004c64   0x08004c64   0x00000042   Code   RO         3745    i.UART_CheckIdleState  stm32f7xx_hal_uart.o
    0x08004ca6   0x08004ca6   0x00000014   Code   RO         3746    i.UART_DMAAbortOnError  stm32f7xx_hal_uart.o
    0x08004cba   0x08004cba   0x0000001c   Code   RO         3752    i.UART_EndRxTransfer  stm32f7xx_hal_uart.o
    0x08004cd6   0x08004cd6   0x0000001a   Code   RO         3753    i.UART_EndTransmit_IT  stm32f7xx_hal_uart.o
    0x08004cf0   0x08004cf0   0x00000078   Code   RO          426    i.UART_IDLE_Callback  irq_uart.o
    0x08004d68   0x08004d68   0x0000007a   Code   RO         3755    i.UART_Receive_IT   stm32f7xx_hal_uart.o
    0x08004de2   0x08004de2   0x00000002   PAD
    0x08004de4   0x08004de4   0x00000318   Code   RO         3756    i.UART_SetConfig    stm32f7xx_hal_uart.o
    0x080050fc   0x080050fc   0x00000066   Code   RO         3757    i.UART_Transmit_IT  stm32f7xx_hal_uart.o
    0x08005162   0x08005162   0x00000078   Code   RO         3758    i.UART_WaitOnFlagUntilTimeout  stm32f7xx_hal_uart.o
    0x080051da   0x080051da   0x00000002   PAD
    0x080051dc   0x080051dc   0x00000018   Code   RO         1099    i.USART2_IRQHandler  stm32f7xx_it.o
    0x080051f4   0x080051f4   0x00000016   Code   RO         4332    i.USBD_CDC_DataIn   usbd_cdc.o
    0x0800520a   0x0800520a   0x00000030   Code   RO         4333    i.USBD_CDC_DataOut  usbd_cdc.o
    0x0800523a   0x0800523a   0x0000003e   Code   RO         4334    i.USBD_CDC_DeInit   usbd_cdc.o
    0x08005278   0x08005278   0x0000002a   Code   RO         4335    i.USBD_CDC_EP0_RxReady  usbd_cdc.o
    0x080052a2   0x080052a2   0x00000002   PAD
    0x080052a4   0x080052a4   0x0000000c   Code   RO         4336    i.USBD_CDC_GetDeviceQualifierDescriptor  usbd_cdc.o
    0x080052b0   0x080052b0   0x0000000c   Code   RO         4337    i.USBD_CDC_GetFSCfgDesc  usbd_cdc.o
    0x080052bc   0x080052bc   0x0000000c   Code   RO         4338    i.USBD_CDC_GetHSCfgDesc  usbd_cdc.o
    0x080052c8   0x080052c8   0x0000000c   Code   RO         4339    i.USBD_CDC_GetOtherSpeedCfgDesc  usbd_cdc.o
    0x080052d4   0x080052d4   0x0000009c   Code   RO         4340    i.USBD_CDC_Init     usbd_cdc.o
    0x08005370   0x08005370   0x00000032   Code   RO         4341    i.USBD_CDC_ReceivePacket  usbd_cdc.o
    0x080053a2   0x080053a2   0x00000010   Code   RO         4342    i.USBD_CDC_RegisterInterface  usbd_cdc.o
    0x080053b2   0x080053b2   0x0000000c   Code   RO         4343    i.USBD_CDC_SetRxBuffer  usbd_cdc.o
    0x080053be   0x080053be   0x00000010   Code   RO         4344    i.USBD_CDC_SetTxBuffer  usbd_cdc.o
    0x080053ce   0x080053ce   0x00000002   PAD
    0x080053d0   0x080053d0   0x00000078   Code   RO         4345    i.USBD_CDC_Setup    usbd_cdc.o
    0x08005448   0x08005448   0x00000032   Code   RO         4346    i.USBD_CDC_TransmitPacket  usbd_cdc.o
    0x0800547a   0x0800547a   0x0000000e   Code   RO         4039    i.USBD_ClrClassConfig  usbd_core.o
    0x08005488   0x08005488   0x0000003c   Code   RO         4177    i.USBD_ClrFeature   usbd_ctlreq.o
    0x080054c4   0x080054c4   0x00000010   Code   RO         4272    i.USBD_CtlContinueRx  usbd_ioreq.o
    0x080054d4   0x080054d4   0x00000010   Code   RO         4273    i.USBD_CtlContinueSendData  usbd_ioreq.o
    0x080054e4   0x080054e4   0x00000018   Code   RO         4178    i.USBD_CtlError     usbd_ctlreq.o
    0x080054fc   0x080054fc   0x0000001e   Code   RO         4274    i.USBD_CtlPrepareRx  usbd_ioreq.o
    0x0800551a   0x0800551a   0x00000016   Code   RO         4275    i.USBD_CtlReceiveStatus  usbd_ioreq.o
    0x08005530   0x08005530   0x0000001a   Code   RO         4276    i.USBD_CtlSendData  usbd_ioreq.o
    0x0800554a   0x0800554a   0x00000016   Code   RO         4277    i.USBD_CtlSendStatus  usbd_ioreq.o
    0x08005560   0x08005560   0x00000020   Code   RO          958    i.USBD_FS_ConfigStrDescriptor  usbd_desc.o
    0x08005580   0x08005580   0x0000000c   Code   RO          959    i.USBD_FS_DeviceDescriptor  usbd_desc.o
    0x0800558c   0x0800558c   0x00000024   Code   RO          960    i.USBD_FS_InterfaceStrDescriptor  usbd_desc.o
    0x080055b0   0x080055b0   0x0000000c   Code   RO          961    i.USBD_FS_LangIDStrDescriptor  usbd_desc.o
    0x080055bc   0x080055bc   0x00000028   Code   RO          962    i.USBD_FS_ManufacturerStrDescriptor  usbd_desc.o
    0x080055e4   0x080055e4   0x00000028   Code   RO          963    i.USBD_FS_ProductStrDescriptor  usbd_desc.o
    0x0800560c   0x0800560c   0x00000024   Code   RO          964    i.USBD_FS_SerialStrDescriptor  usbd_desc.o
    0x08005630   0x08005630   0x0000000c   Code   RO          965    i.USBD_FS_USR_BOSDescriptor  usbd_desc.o
    0x0800563c   0x0800563c   0x00000030   Code   RO         4179    i.USBD_GetConfig    usbd_ctlreq.o
    0x0800566c   0x0800566c   0x0000014c   Code   RO         4180    i.USBD_GetDescriptor  usbd_ctlreq.o
    0x080057b8   0x080057b8   0x00000018   Code   RO         4181    i.USBD_GetLen       usbd_ctlreq.o
    0x080057d0   0x080057d0   0x00000028   Code   RO         4182    i.USBD_GetStatus    usbd_ctlreq.o
    0x080057f8   0x080057f8   0x00000042   Code   RO         4183    i.USBD_GetString    usbd_ctlreq.o
    0x0800583a   0x0800583a   0x0000002c   Code   RO         4041    i.USBD_Init         usbd_core.o
    0x08005866   0x08005866   0x00000020   Code   RO          777    i.USBD_LL_ClearStallEP  usbd_conf.o
    0x08005886   0x08005886   0x00000020   Code   RO          778    i.USBD_LL_CloseEP   usbd_conf.o
    0x080058a6   0x080058a6   0x000000ba   Code   RO         4042    i.USBD_LL_DataInStage  usbd_core.o
    0x08005960   0x08005960   0x00000072   Code   RO         4043    i.USBD_LL_DataOutStage  usbd_core.o
    0x080059d2   0x080059d2   0x00000004   Code   RO         4044    i.USBD_LL_DevConnected  usbd_core.o
    0x080059d6   0x080059d6   0x00000016   Code   RO         4045    i.USBD_LL_DevDisconnected  usbd_core.o
    0x080059ec   0x080059ec   0x00000008   Code   RO          782    i.USBD_LL_GetRxDataSize  usbd_conf.o
    0x080059f4   0x080059f4   0x0000007c   Code   RO          783    i.USBD_LL_Init      usbd_conf.o
    0x08005a70   0x08005a70   0x00000020   Code   RO          784    i.USBD_LL_IsStallEP  usbd_conf.o
    0x08005a90   0x08005a90   0x00000004   Code   RO         4046    i.USBD_LL_IsoINIncomplete  usbd_core.o
    0x08005a94   0x08005a94   0x00000004   Code   RO         4047    i.USBD_LL_IsoOUTIncomplete  usbd_core.o
    0x08005a98   0x08005a98   0x00000026   Code   RO          785    i.USBD_LL_OpenEP    usbd_conf.o
    0x08005abe   0x08005abe   0x00000020   Code   RO          786    i.USBD_LL_PrepareReceive  usbd_conf.o
    0x08005ade   0x08005ade   0x00000040   Code   RO         4048    i.USBD_LL_Reset     usbd_core.o
    0x08005b1e   0x08005b1e   0x0000000c   Code   RO         4049    i.USBD_LL_Resume    usbd_core.o
    0x08005b2a   0x08005b2a   0x00000018   Code   RO         4050    i.USBD_LL_SOF       usbd_core.o
    0x08005b42   0x08005b42   0x00000006   Code   RO         4051    i.USBD_LL_SetSpeed  usbd_core.o
    0x08005b48   0x08005b48   0x00000020   Code   RO          787    i.USBD_LL_SetUSBAddress  usbd_conf.o
    0x08005b68   0x08005b68   0x0000005e   Code   RO         4052    i.USBD_LL_SetupStage  usbd_core.o
    0x08005bc6   0x08005bc6   0x00000020   Code   RO          788    i.USBD_LL_StallEP   usbd_conf.o
    0x08005be6   0x08005be6   0x00000020   Code   RO          789    i.USBD_LL_Start     usbd_conf.o
    0x08005c06   0x08005c06   0x00000012   Code   RO         4053    i.USBD_LL_Suspend   usbd_core.o
    0x08005c18   0x08005c18   0x00000020   Code   RO          791    i.USBD_LL_Transmit  usbd_conf.o
    0x08005c38   0x08005c38   0x00000028   Code   RO         4184    i.USBD_ParseSetupRequest  usbd_ctlreq.o
    0x08005c60   0x08005c60   0x00000012   Code   RO         4054    i.USBD_RegisterClass  usbd_core.o
    0x08005c72   0x08005c72   0x00000004   Code   RO         4055    i.USBD_RunTestMode  usbd_core.o
    0x08005c76   0x08005c76   0x00000054   Code   RO         4185    i.USBD_SetAddress   usbd_ctlreq.o
    0x08005cca   0x08005cca   0x00000018   Code   RO         4056    i.USBD_SetClassConfig  usbd_core.o
    0x08005ce2   0x08005ce2   0x00000002   PAD
    0x08005ce4   0x08005ce4   0x000000c4   Code   RO         4186    i.USBD_SetConfig    usbd_ctlreq.o
    0x08005da8   0x08005da8   0x00000024   Code   RO         4187    i.USBD_SetFeature   usbd_ctlreq.o
    0x08005dcc   0x08005dcc   0x0000000a   Code   RO         4057    i.USBD_Start        usbd_core.o
    0x08005dd6   0x08005dd6   0x0000005c   Code   RO         4188    i.USBD_StdDevReq    usbd_ctlreq.o
    0x08005e32   0x08005e32   0x0000012a   Code   RO         4189    i.USBD_StdEPReq     usbd_ctlreq.o
    0x08005f5c   0x08005f5c   0x00000044   Code   RO         4190    i.USBD_StdItfReq    usbd_ctlreq.o
    0x08005fa0   0x08005fa0   0x00000094   Code   RO         1503    i.USB_ActivateEndpoint  stm32f7xx_ll_usb.o
    0x08006034   0x08006034   0x00000034   Code   RO         1504    i.USB_ActivateSetup  stm32f7xx_ll_usb.o
    0x08006068   0x08006068   0x00000074   Code   RO         1506    i.USB_CoreInit      stm32f7xx_ll_usb.o
    0x080060dc   0x080060dc   0x0000003c   Code   RO         1507    i.USB_CoreReset     stm32f7xx_ll_usb.o
    0x08006118   0x08006118   0x0000007e   Code   RO         1509    i.USB_DeactivateEndpoint  stm32f7xx_ll_usb.o
    0x08006196   0x08006196   0x00000018   Code   RO         1510    i.USB_DevConnect    stm32f7xx_ll_usb.o
    0x080061ae   0x080061ae   0x00000018   Code   RO         1511    i.USB_DevDisconnect  stm32f7xx_ll_usb.o
    0x080061c6   0x080061c6   0x00000002   PAD
    0x080061c8   0x080061c8   0x0000017c   Code   RO         1512    i.USB_DevInit       stm32f7xx_ll_usb.o
    0x08006344   0x08006344   0x0000000c   Code   RO         1513    i.USB_DisableGlobalInt  stm32f7xx_ll_usb.o
    0x08006350   0x08006350   0x0000015e   Code   RO         1516    i.USB_EP0StartXfer  stm32f7xx_ll_usb.o
    0x080064ae   0x080064ae   0x0000003e   Code   RO         1517    i.USB_EP0_OutStart  stm32f7xx_ll_usb.o
    0x080064ec   0x080064ec   0x00000064   Code   RO         1518    i.USB_EPClearStall  stm32f7xx_ll_usb.o
    0x08006550   0x08006550   0x00000064   Code   RO         1519    i.USB_EPSetStall    stm32f7xx_ll_usb.o
    0x080065b4   0x080065b4   0x00000262   Code   RO         1520    i.USB_EPStartXfer   stm32f7xx_ll_usb.o
    0x08006816   0x08006816   0x0000000c   Code   RO         1521    i.USB_EnableGlobalInt  stm32f7xx_ll_usb.o
    0x08006822   0x08006822   0x00000002   PAD
    0x08006824   0x08006824   0x00000024   Code   RO         1522    i.USB_FlushRxFifo   stm32f7xx_ll_usb.o
    0x08006848   0x08006848   0x00000028   Code   RO         1523    i.USB_FlushTxFifo   stm32f7xx_ll_usb.o
    0x08006870   0x08006870   0x0000003c   Code   RO         1525    i.USB_GetDevSpeed   stm32f7xx_ll_usb.o
    0x080068ac   0x080068ac   0x00000008   Code   RO         1527    i.USB_GetMode       stm32f7xx_ll_usb.o
    0x080068b4   0x080068b4   0x0000000e   Code   RO         1534    i.USB_ReadDevAllInEpInterrupt  stm32f7xx_ll_usb.o
    0x080068c2   0x080068c2   0x0000000e   Code   RO         1535    i.USB_ReadDevAllOutEpInterrupt  stm32f7xx_ll_usb.o
    0x080068d0   0x080068d0   0x0000001e   Code   RO         1536    i.USB_ReadDevInEPInterrupt  stm32f7xx_ll_usb.o
    0x080068ee   0x080068ee   0x00000010   Code   RO         1537    i.USB_ReadDevOutEPInterrupt  stm32f7xx_ll_usb.o
    0x080068fe   0x080068fe   0x00000008   Code   RO         1538    i.USB_ReadInterrupts  stm32f7xx_ll_usb.o
    0x08006906   0x08006906   0x00000024   Code   RO         1539    i.USB_ReadPacket    stm32f7xx_ll_usb.o
    0x0800692a   0x0800692a   0x0000002e   Code   RO         1541    i.USB_SetCurrentMode  stm32f7xx_ll_usb.o
    0x08006958   0x08006958   0x00000022   Code   RO         1542    i.USB_SetDevAddress  stm32f7xx_ll_usb.o
    0x0800697a   0x0800697a   0x0000000e   Code   RO         1543    i.USB_SetDevSpeed   stm32f7xx_ll_usb.o
    0x08006988   0x08006988   0x00000034   Code   RO         1546    i.USB_WritePacket   stm32f7xx_ll_usb.o
    0x080069bc   0x080069bc   0x00000002   Code   RO         1100    i.UsageFault_Handler  stm32f7xx_it.o
    0x080069be   0x080069be   0x00000002   Code   RO          521    i._Error_Handler    main.o
    0x080069c0   0x080069c0   0x00000028   Code   RO         4701    i.__0sprintf        mc_w.l(printfa.o)
    0x080069e8   0x080069e8   0x00000014   Code   RO         4435    i.__hardfp_fabs     m_wm.l(fabs.o)
    0x080069fc   0x080069fc   0x00000004   PAD
    0x08006a00   0x08006a00   0x000003c4   Code   RO         4793    i.__hardfp_log      m_wm.l(log.o)
    0x08006dc4   0x08006dc4   0x00000004   PAD
    0x08006dc8   0x08006dc8   0x00000130   Code   RO         4441    i.__hardfp_log10    m_wm.l(log10.o)
    0x08006ef8   0x08006ef8   0x000000f8   Code   RO         4868    i.__kernel_poly     m_wm.l(poly.o)
    0x08006ff0   0x08006ff0   0x00000030   Code   RO         4779    i.__mathlib_dbl_divzero  m_wm.l(dunder.o)
    0x08007020   0x08007020   0x00000014   Code   RO         4780    i.__mathlib_dbl_infnan  m_wm.l(dunder.o)
    0x08007034   0x08007034   0x00000004   PAD
    0x08007038   0x08007038   0x00000020   Code   RO         4782    i.__mathlib_dbl_invalid  m_wm.l(dunder.o)
    0x08007058   0x08007058   0x0000000e   Code   RO         4884    i.__scatterload_copy  mc_w.l(handlers.o)
    0x08007066   0x08007066   0x00000002   Code   RO         4885    i.__scatterload_null  mc_w.l(handlers.o)
    0x08007068   0x08007068   0x0000000e   Code   RO         4886    i.__scatterload_zeroinit  mc_w.l(handlers.o)
    0x08007076   0x08007076   0x00000002   PAD
    0x08007078   0x08007078   0x0000000c   Code   RO         4844    i.__set_errno       mc_w.l(errno.o)
    0x08007084   0x08007084   0x00000184   Code   RO         4706    i._fp_digits        mc_w.l(printfa.o)
    0x08007208   0x08007208   0x0000000e   Code   RO         4759    i._is_digit         mc_w.l(scanf_fp.o)
    0x08007216   0x08007216   0x00000002   PAD
    0x08007218   0x08007218   0x000006b4   Code   RO         4707    i._printf_core      mc_w.l(printfa.o)
    0x080078cc   0x080078cc   0x00000024   Code   RO         4708    i._printf_post_padding  mc_w.l(printfa.o)
    0x080078f0   0x080078f0   0x0000002e   Code   RO         4709    i._printf_pre_padding  mc_w.l(printfa.o)
    0x0800791e   0x0800791e   0x0000000a   Code   RO         4711    i._sputc            mc_w.l(printfa.o)
    0x08007928   0x08007928   0x00000048   Code   RO          377    i.adc_read          adc_value.o
    0x08007970   0x08007970   0x00000034   Code   RO          191    i.channel_1         selecting_an_optical_key.o
    0x080079a4   0x080079a4   0x00000034   Code   RO          192    i.channel_2         selecting_an_optical_key.o
    0x080079d8   0x080079d8   0x00000034   Code   RO          193    i.channel_3         selecting_an_optical_key.o
    0x08007a0c   0x08007a0c   0x00000034   Code   RO          194    i.channel_4         selecting_an_optical_key.o
    0x08007a40   0x08007a40   0x0000008c   Code   RO            4    i.dac_write         changing_a_constant.o
    0x08007acc   0x08007acc   0x00000090   Code   RO          402    i.enablyChannel     led.o
    0x08007b5c   0x08007b5c   0x00000050   Code   RO         4727    i.free              mc_w.l(malloc.o)
    0x08007bac   0x08007bac   0x00000034   Code   RO          234    i.gain_1            gain_pga.o
    0x08007be0   0x08007be0   0x00000034   Code   RO          235    i.gain_2            gain_pga.o
    0x08007c14   0x08007c14   0x00000034   Code   RO          236    i.gain_3            gain_pga.o
    0x08007c48   0x08007c48   0x00000038   Code   RO          237    i.gain_4            gain_pga.o
    0x08007c80   0x08007c80   0x00000248   Code   RO          289    i.getCoefficientChannelIn  getcoefficient.o
    0x08007ec8   0x08007ec8   0x0000021c   Code   RO          290    i.getCoefficientChannelOut  getcoefficient.o
    0x080080e4   0x080080e4   0x00000028   Code   RO          291    i.getCoefficientLenght  getcoefficient.o
    0x0800810c   0x0800810c   0x00000006   Code   RO          292    i.getCoefficientPGA  getcoefficient.o
    0x08008112   0x08008112   0x00000002   PAD
    0x08008114   0x08008114   0x00000050   Code   RO          293    i.getCoefficientR   getcoefficient.o
    0x08008164   0x08008164   0x00000010   Code   RO         4795    i.log               m_wm.l(log.o)
    0x08008174   0x08008174   0x00000f64   Code   RO          522    i.main              main.o
    0x080090d8   0x080090d8   0x0000006c   Code   RO         4728    i.malloc            mc_w.l(malloc.o)
    0x08009144   0x08009144   0x000005d0   Code   RO          345    i.read_dBm          read_dbm.o
    0x08009714   0x08009714   0x00000518   Code   RO          480    i.table_and_0_point  table.o
    0x08009c2c   0x08009c2c   0x00000008   Data   RO         2236    .constdata          stm32f7xx_hal_dma.o
    0x08009c34   0x08009c34   0x00000010   Data   RO         4003    .constdata          system_stm32f7xx.o
    0x08009c44   0x08009c44   0x00000008   Data   RO         4004    .constdata          system_stm32f7xx.o
    0x08009c4c   0x08009c4c   0x00000004   PAD
    0x08009c50   0x08009c50   0x00000038   Data   RO         4796    .constdata          m_wm.l(log.o)
    0x08009c88   0x08009c88   0x00000008   Data   RO         4870    .constdata          m_wm.l(qnan.o)
    0x08009c90   0x08009c90   0x00000040   Data   RO         4880    .constdata          mc_w.l(ctype_c.o)
    0x08009cd0   0x08009cd0   0x00000020   Data   RO         4882    Region$$Table       anon$$obj.o


    Execution Region RW_IRAM1 (Exec base: 0x20000000, Load base: 0x08009cf0, Size: 0x00008698, Max: 0x00200000, ABSOLUTE, COMPRESSED[0x000000f0])

    Exec Addr    Load Addr    Size         Type   Attr      Idx    E Section Name        Object

    0x20000000   COMPRESSED   0x00000002   Data   RW            5    .data               changing_a_constant.o
    0x20000002   COMPRESSED   0x00000002   PAD
    0x20000004   COMPRESSED   0x00000008   Data   RW          294    .data               getcoefficient.o
    0x2000000c   COMPRESSED   0x00000008   Data   RW          346    .data               read_dbm.o
    0x20000014   COMPRESSED   0x00000001   Data   RW          427    .data               irq_uart.o
    0x20000015   COMPRESSED   0x00000003   PAD
    0x20000018   COMPRESSED   0x00000028   Data   RW          483    .data               table.o
    0x20000040   COMPRESSED   0x00000004   Data   RW          524    .data               main.o
    0x20000044   COMPRESSED   0x0000005d   Data   RW          525    .data               main.o
    0x200000a1   COMPRESSED   0x00000002   Data   RW          536    .data               main.o
    0x200000a3   COMPRESSED   0x00000001   PAD
    0x200000a4   COMPRESSED   0x00000002   Data   RW          537    .data               main.o
    0x200000a6   COMPRESSED   0x00000002   Data   RW          538    .data               main.o
    0x200000a8   COMPRESSED   0x00000004   Data   RW          539    .data               main.o
    0x200000ac   COMPRESSED   0x00000002   Data   RW          543    .data               main.o
    0x200000ae   COMPRESSED   0x00000002   PAD
    0x200000b0   COMPRESSED   0x00000020   Data   RW          967    .data               usbd_desc.o
    0x200000d0   COMPRESSED   0x00000024   Data   RW          968    .data               usbd_desc.o
    0x200000f4   COMPRESSED   0x00000010   Data   RW         1038    .data               usbd_cdc_if.o
    0x20000104   COMPRESSED   0x00000004   Data   RW         2740    .data               stm32f7xx_hal.o
    0x20000108   COMPRESSED   0x00000004   Data   RW         4005    .data               system_stm32f7xx.o
    0x2000010c   COMPRESSED   0x00000001   Data   RW         4191    .data               usbd_ctlreq.o
    0x2000010d   COMPRESSED   0x00000003   PAD
    0x20000110   COMPRESSED   0x000000db   Data   RW         4347    .data               usbd_cdc.o
    0x200001eb   COMPRESSED   0x00000001   PAD
    0x200001ec   COMPRESSED   0x00000038   Data   RW         4348    .data               usbd_cdc.o
    0x20000224   COMPRESSED   0x00000004   Data   RW         4840    .data               mc_w.l(mvars.o)
    0x20000228   COMPRESSED   0x00000004   Data   RW         4841    .data               mc_w.l(mvars.o)
    0x2000022c   COMPRESSED   0x00000004   Data   RW         4845    .data               mc_w.l(errno.o)
    0x20000230        -       0x00000010   Zero   RW          481    .bss                table.o
    0x20000240        -       0x000008f8   Zero   RW          523    .bss                main.o
    0x20000b38        -       0x000002b0   Zero   RW          633    .bss                spi.o
    0x20000de8        -       0x00000070   Zero   RW          690    .bss                usart.o
    0x20000e58        -       0x00000224   Zero   RW          730    .bss                usb_device.o
    0x2000107c        -       0x00000400   Zero   RW          792    .bss                usbd_conf.o
    0x2000147c        -       0x00000200   Zero   RW          966    .bss                usbd_desc.o
    0x2000167c        -       0x00001000   Zero   RW         1037    .bss                usbd_cdc_if.o
    0x2000267c        -       0x0000001c   Zero   RW         1945    .bss                stm32f7xx_hal_flash.o
    0x20002698        -       0x00002000   Zero   RW         1230    HEAP                startup_stm32f746xx.o
    0x20004698        -       0x00004000   Zero   RW         1229    STACK               startup_stm32f746xx.o


==============================================================================

Image component sizes


      Code (inc. data)   RO Data    RW Data    ZI Data      Debug   Object Name

        72         18          0          0          0        527   adc_value.o
       140         24          0          2          0     800855   changing_a_constant.o
        92          4          0          0          0        798   dma.o
       280         48          0          0          0       2449   gain_pga.o
      1310        220          0          8          0       5141   getcoefficient.o
       444         34          0          0          0       1199   gpio.o
        60          6          0          0          0        502   init_analog.o
       120         22          0          1          0       1359   irq_uart.o
       144          6          0          0          0        612   led.o
      4126        186          0        109       2296       9534   main.o
      1488         78          0          8          0       1588   read_dbm.o
       208         16          0          0          0       2064   selecting_an_optical_key.o
       964        178          0          0        688       3891   spi.o
        36          8        456          0      24576        800   startup_stm32f746xx.o
       112         18          0          4          0       3743   stm32f7xx_hal.o
       270         14          0          0          0      37527   stm32f7xx_hal_cortex.o
       950         26          8          0          0       4959   stm32f7xx_hal_dma.o
       560         70          0          0         28       6006   stm32f7xx_hal_flash.o
       280         18          0          0          0       2738   stm32f7xx_hal_flash_ex.o
       982         28          0          0          0       3682   stm32f7xx_hal_gpio.o
        88          0          0          0          0        522   stm32f7xx_hal_msp.o
      2490         62          0          0          0      11461   stm32f7xx_hal_pcd.o
       118          0          0          0          0       2568   stm32f7xx_hal_pcd_ex.o
      1712         86          0          0          0       6280   stm32f7xx_hal_rcc.o
      1410         36          0          0          0       2564   stm32f7xx_hal_rcc_ex.o
      2264         40          0          0          0      18489   stm32f7xx_hal_spi.o
      2382         42          0          0          0      13724   stm32f7xx_hal_uart.o
       138         48          0          0          0       7814   stm32f7xx_it.o
      2584         30          0          0          0      20782   stm32f7xx_ll_usb.o
        88         24         24          4          0       1147   system_stm32f7xx.o
      1304        134          0         40         16       2644   table.o
       224         50          0          0        112       2203   usart.o
        56         18          0          0        548        724   usb_device.o
       642         20          0        275          0      13202   usbd_cdc.o
       140         32          0         16       4096       3489   usbd_cdc_if.o
       830         40          0          0       1024      15159   usbd_conf.o
       666          0          0          0          0      12753   usbd_core.o
      1408         22          0          1          0      11328   usbd_ctlreq.o
       220        116          0         68        512       5859   usbd_desc.o
       132          0          0          0          0       4500   usbd_ioreq.o

    ----------------------------------------------------------------------
     31574       1822        524        548      33896    1047186   Object Totals
         0          0         32          0          0          0   (incl. Generated)
        40          0          4         12          0          0   (incl. Padding)

    ----------------------------------------------------------------------

      Code (inc. data)   RO Data    RW Data    ZI Data      Debug   Library Member Name

       100         28          0          0          0        372   dunder.o
        20          0          0          0          0        124   fabs.o
       980         92         56          0          0        440   log.o
       304         44          0          0          0        200   log10.o
       248          0          0          0          0        152   poly.o
         0          0          8          0          0          0   qnan.o
        56          8          0          0          0         84   __0sscanf.o
        86          0          0          0          0          0   __dczerorl2.o
       816          6          0          0          0        112   _scanf.o
        64          0          0          0          0         84   _sgetc.o
        40          6         64          0          0         68   ctype_c.o
         0          0          0          0          0          0   entry.o
         0          0          0          0          0          0   entry10a.o
         0          0          0          0          0          0   entry11a.o
         4          0          0          0          0          0   entry12b.o
         8          4          0          0          0          0   entry2.o
         4          0          0          0          0          0   entry5.o
         0          0          0          0          0          0   entry7b.o
         0          0          0          0          0          0   entry8b.o
         8          4          0          0          0          0   entry9a.o
        12          6          0          4          0         68   errno.o
        30          0          0          0          0          0   handlers.o
        36          8          0          0          0         68   init.o
        10          0          0          0          0         68   isspace_c.o
         0          0          0          0          0          0   iusefp.o
        30          0          0          0          0         68   llshl.o
        36          0          0          0          0         68   llsshr.o
        32          0          0          0          0         68   llushr.o
       188         20          0          0          0        160   malloc.o
         0          0          0          8          0          0   mvars.o
      2236         86          0          0          0        532   printfa.o
        40          8          0          0          0         84   scanf_char.o
       878         12          0          0          0        216   scanf_fp.o
        30          0          0          0          0         80   strncmp.o
        24          0          0          0          0         76   strncpy.o
        44          0          0          0          0         80   uidiv.o
        98          0          0          0          0         92   uldiv.o
        48          0          0          0          0         68   cdcmple.o
        48          0          0          0          0         68   cdrcmple.o
        56          0          0          0          0         88   d2f.o
       334          0          0          0          0        148   dadd.o
       222          0          0          0          0        100   ddiv.o
       186          0          0          0          0        176   depilogue.o
        62          0          0          0          0         80   dfixi.o
        48          0          0          0          0         68   dfixul.o
        34          0          0          0          0         76   dflti.o
        26          0          0          0          0         76   dfltui.o
        24          0          0          0          0         76   dfltul.o
       228          0          0          0          0         96   dmul.o
        38          0          0          0          0         68   f2d.o
       110          0          0          0          0        168   fepilogue.o

    ----------------------------------------------------------------------
      7950        336        128         12          0       4720   Library Totals
        24          4          0          0          0          0   (incl. Padding)

    ----------------------------------------------------------------------

      Code (inc. data)   RO Data    RW Data    ZI Data      Debug   Library Name

      1652        164         64          0          0       1288   m_wm.l
      4810        168         64         12          0       2076   mc_w.l
      1464          0          0          0          0       1356   mf_w.l

    ----------------------------------------------------------------------
      7950        336        128         12          0       4720   Library Totals

    ----------------------------------------------------------------------

==============================================================================


      Code (inc. data)   RO Data    RW Data    ZI Data      Debug   

     39524       2158        652        560      33896    1023318   Grand Totals
     39524       2158        652        240      33896    1023318   ELF Image Totals (compressed)
     39524       2158        652        240          0          0   ROM Totals

==============================================================================

    Total RO  Size (Code + RO Data)                40176 (  39.23kB)
    Total RW  Size (RW Data + ZI Data)             34456 (  33.65kB)
    Total ROM Size (Code + RO Data + RW Data)      40416 (  39.47kB)

==============================================================================

